../Lib/API/../Util/Algorithms/FusionAlgorithm.hpp:27:25:const Mat::Quaternion& Algorithms::FusionAlgorithm::GetAcceleration() const	16	static
../Lib/API/../Util/Algorithms/FusionAlgorithm.hpp:28:25:const Mat::Quaternion& Algorithms::FusionAlgorithm::GetVelocity() const	16	static
../Lib/API/../Util/Algorithms/FusionAlgorithm.hpp:29:25:const Mat::Quaternion& Algorithms::FusionAlgorithm::GetPosition() const	16	static
../Lib/API/../Util/Algorithms/ExtendedKalman/AHRSKalman.hpp:22:2:Algorithms::AHRSKalman::AHRSKalman()	16	static
../Lib/API/LibAPI.cpp:48:9:uint8_t InitAlgorithms(const AGMSensorData*)	16	static
../Lib/API/LibAPI.cpp:65:9:uint8_t ResetKinematics()	32	static
../Lib/API/LibAPI.cpp:79:9:uint8_t MadgwickUpdate(const AGMSensorData*)	168	static
../Lib/API/LibAPI.cpp:155:6:Vec3 GetPosition()	72	static
../Lib/API/LibAPI.cpp:165:6:Vec3 GetVelocity()	72	static
../Lib/API/LibAPI.cpp:175:6:Vec3 GetAcceleration()	72	static
C:/Users/pawda/STM32CubeIDE/workspace_1.13.2/KalmanFilter/Lib/Util/Math/inc/Matrix.hpp:65:20:Mat::Matrix<size, size> Mat::Eye(float) [with short unsigned int size = 4]	24	static
C:/Users/pawda/STM32CubeIDE/workspace_1.13.2/KalmanFilter/Lib/Util/Math/inc/Matrix.hpp:83:1:Mat::Matrix<heigth, width>::Matrix() [with short unsigned int heigth = 4; short unsigned int width = 4]	16	static
C:/Users/pawda/STM32CubeIDE/workspace_1.13.2/KalmanFilter/Lib/Util/Math/inc/Matrix.hpp:93:1:Mat::Matrix<heigth, width>::Matrix(const std::array<float, (heigth * width)>&) [with short unsigned int heigth = 3; short unsigned int width = 1]	16	static
C:/Users/pawda/STM32CubeIDE/workspace_1.13.2/KalmanFilter/Lib/Util/Math/inc/Matrix.hpp:89:48:Mat::Matrix<3, 1>::Matrix(float)::<lambda(float&)>	16	static
C:/Users/pawda/STM32CubeIDE/workspace_1.13.2/KalmanFilter/Lib/Util/Math/inc/Matrix.hpp:86:1:Mat::Matrix<heigth, width>::Matrix(float) [with short unsigned int heigth = 3; short unsigned int width = 1]	24	static
C:/Users/pawda/STM32CubeIDE/workspace_1.13.2/KalmanFilter/Lib/Util/Math/inc/Matrix.hpp:96:8:float& Mat::Matrix<heigth, width>::operator()(Mat::u_short, Mat::u_short) [with short unsigned int heigth = 3; short unsigned int width = 1]	24	static
C:/Users/pawda/STM32CubeIDE/workspace_1.13.2/KalmanFilter/Lib/Util/Math/inc/Matrix.hpp:235:7:float Mat::Matrix<heigth, width>::VecNorm() const [with short unsigned int heigth = 3; short unsigned int width = 1]	40	static
C:/Users/pawda/STM32CubeIDE/workspace_1.13.2/KalmanFilter/Lib/Util/Math/inc/Matrix.hpp:89:48:Mat::Matrix<4, 4>::Matrix(float)::<lambda(float&)>	16	static
C:/Users/pawda/STM32CubeIDE/workspace_1.13.2/KalmanFilter/Lib/Util/Math/inc/Matrix.hpp:86:1:Mat::Matrix<heigth, width>::Matrix(float) [with short unsigned int heigth = 4; short unsigned int width = 4]	24	static
C:/Users/pawda/STM32CubeIDE/workspace_1.13.2/KalmanFilter/Lib/Util/Math/inc/Matrix.hpp:96:8:float& Mat::Matrix<heigth, width>::operator()(Mat::u_short, Mat::u_short) [with short unsigned int heigth = 4; short unsigned int width = 4]	24	static
C:\ST\STM32CubeIDE_1.13.2\STM32CubeIDE\plugins\com.st.stm32cube.ide.mcu.externaltools.gnu-tools-for-stm32.11.3.rel1.win32_1.1.1.202309131626\tools\bin/../lib/gcc/arm-none-eabi/11.3.1/../../../../arm-none-eabi/include/c++/11.3.1/array:127:7:std::array<_Tp, _Nm>::value_type* std::array<_Tp, _Nm>::begin() [with _Tp = float; unsigned int _Nm = 3]	16	static
C:\ST\STM32CubeIDE_1.13.2\STM32CubeIDE\plugins\com.st.stm32cube.ide.mcu.externaltools.gnu-tools-for-stm32.11.3.rel1.win32_1.1.1.202309131626\tools\bin/../lib/gcc/arm-none-eabi/11.3.1/../../../../arm-none-eabi/include/c++/11.3.1/array:135:7:std::array<_Tp, _Nm>::value_type* std::array<_Tp, _Nm>::end() [with _Tp = float; unsigned int _Nm = 3]	16	static
C:\ST\STM32CubeIDE_1.13.2\STM32CubeIDE\plugins\com.st.stm32cube.ide.mcu.externaltools.gnu-tools-for-stm32.11.3.rel1.win32_1.1.1.202309131626\tools\bin/../lib/gcc/arm-none-eabi/11.3.1/../../../../arm-none-eabi/include/c++/11.3.1/bits/stl_algo.h:3814:5:_Funct std::for_each(_IIter, _IIter, _Funct) [with _IIter = float*; _Funct = Mat::Matrix<3, 1>::Matrix(float)::<lambda(float&)>]	24	static
C:\ST\STM32CubeIDE_1.13.2\STM32CubeIDE\plugins\com.st.stm32cube.ide.mcu.externaltools.gnu-tools-for-stm32.11.3.rel1.win32_1.1.1.202309131626\tools\bin/../lib/gcc/arm-none-eabi/11.3.1/../../../../arm-none-eabi/include/c++/11.3.1/array:186:7:std::array<_Tp, _Nm>::value_type& std::array<_Tp, _Nm>::operator[](std::array<_Tp, _Nm>::size_type) [with _Tp = float; unsigned int _Nm = 3]	16	static
C:\ST\STM32CubeIDE_1.13.2\STM32CubeIDE\plugins\com.st.stm32cube.ide.mcu.externaltools.gnu-tools-for-stm32.11.3.rel1.win32_1.1.1.202309131626\tools\bin/../lib/gcc/arm-none-eabi/11.3.1/../../../../arm-none-eabi/include/c++/11.3.1/array:131:7:const value_type* std::array<_Tp, _Nm>::begin() const [with _Tp = float; unsigned int _Nm = 3]	16	static
C:\ST\STM32CubeIDE_1.13.2\STM32CubeIDE\plugins\com.st.stm32cube.ide.mcu.externaltools.gnu-tools-for-stm32.11.3.rel1.win32_1.1.1.202309131626\tools\bin/../lib/gcc/arm-none-eabi/11.3.1/../../../../arm-none-eabi/include/c++/11.3.1/array:139:7:const value_type* std::array<_Tp, _Nm>::end() const [with _Tp = float; unsigned int _Nm = 3]	16	static
C:\ST\STM32CubeIDE_1.13.2\STM32CubeIDE\plugins\com.st.stm32cube.ide.mcu.externaltools.gnu-tools-for-stm32.11.3.rel1.win32_1.1.1.202309131626\tools\bin/../lib/gcc/arm-none-eabi/11.3.1/../../../../arm-none-eabi/include/c++/11.3.1/array:127:7:std::array<_Tp, _Nm>::value_type* std::array<_Tp, _Nm>::begin() [with _Tp = float; unsigned int _Nm = 16]	16	static
C:\ST\STM32CubeIDE_1.13.2\STM32CubeIDE\plugins\com.st.stm32cube.ide.mcu.externaltools.gnu-tools-for-stm32.11.3.rel1.win32_1.1.1.202309131626\tools\bin/../lib/gcc/arm-none-eabi/11.3.1/../../../../arm-none-eabi/include/c++/11.3.1/array:135:7:std::array<_Tp, _Nm>::value_type* std::array<_Tp, _Nm>::end() [with _Tp = float; unsigned int _Nm = 16]	16	static
C:\ST\STM32CubeIDE_1.13.2\STM32CubeIDE\plugins\com.st.stm32cube.ide.mcu.externaltools.gnu-tools-for-stm32.11.3.rel1.win32_1.1.1.202309131626\tools\bin/../lib/gcc/arm-none-eabi/11.3.1/../../../../arm-none-eabi/include/c++/11.3.1/bits/stl_algo.h:3814:5:_Funct std::for_each(_IIter, _IIter, _Funct) [with _IIter = float*; _Funct = Mat::Matrix<4, 4>::Matrix(float)::<lambda(float&)>]	24	static
C:\ST\STM32CubeIDE_1.13.2\STM32CubeIDE\plugins\com.st.stm32cube.ide.mcu.externaltools.gnu-tools-for-stm32.11.3.rel1.win32_1.1.1.202309131626\tools\bin/../lib/gcc/arm-none-eabi/11.3.1/../../../../arm-none-eabi/include/c++/11.3.1/array:186:7:std::array<_Tp, _Nm>::value_type& std::array<_Tp, _Nm>::operator[](std::array<_Tp, _Nm>::size_type) [with _Tp = float; unsigned int _Nm = 16]	16	static
C:\ST\STM32CubeIDE_1.13.2\STM32CubeIDE\plugins\com.st.stm32cube.ide.mcu.externaltools.gnu-tools-for-stm32.11.3.rel1.win32_1.1.1.202309131626\tools\bin/../lib/gcc/arm-none-eabi/11.3.1/../../../../arm-none-eabi/include/c++/11.3.1/array:257:7:std::array<_Tp, _Nm>::value_type* std::array<_Tp, _Nm>::data() [with _Tp = float; unsigned int _Nm = 3]	16	static
C:\ST\STM32CubeIDE_1.13.2\STM32CubeIDE\plugins\com.st.stm32cube.ide.mcu.externaltools.gnu-tools-for-stm32.11.3.rel1.win32_1.1.1.202309131626\tools\bin/../lib/gcc/arm-none-eabi/11.3.1/../../../../arm-none-eabi/include/c++/11.3.1/array:56:7:static constexpr _Tp& std::__array_traits<_Tp, _Nm>::_S_ref(const _Tp (&)[_Nm], std::size_t) [with _Tp = float; unsigned int _Nm = 3]	16	static
C:\ST\STM32CubeIDE_1.13.2\STM32CubeIDE\plugins\com.st.stm32cube.ide.mcu.externaltools.gnu-tools-for-stm32.11.3.rel1.win32_1.1.1.202309131626\tools\bin/../lib/gcc/arm-none-eabi/11.3.1/../../../../arm-none-eabi/include/c++/11.3.1/array:261:7:const value_type* std::array<_Tp, _Nm>::data() const [with _Tp = float; unsigned int _Nm = 3]	16	static
C:\ST\STM32CubeIDE_1.13.2\STM32CubeIDE\plugins\com.st.stm32cube.ide.mcu.externaltools.gnu-tools-for-stm32.11.3.rel1.win32_1.1.1.202309131626\tools\bin/../lib/gcc/arm-none-eabi/11.3.1/../../../../arm-none-eabi/include/c++/11.3.1/array:257:7:std::array<_Tp, _Nm>::value_type* std::array<_Tp, _Nm>::data() [with _Tp = float; unsigned int _Nm = 16]	16	static
C:\ST\STM32CubeIDE_1.13.2\STM32CubeIDE\plugins\com.st.stm32cube.ide.mcu.externaltools.gnu-tools-for-stm32.11.3.rel1.win32_1.1.1.202309131626\tools\bin/../lib/gcc/arm-none-eabi/11.3.1/../../../../arm-none-eabi/include/c++/11.3.1/array:56:7:static constexpr _Tp& std::__array_traits<_Tp, _Nm>::_S_ref(const _Tp (&)[_Nm], std::size_t) [with _Tp = float; unsigned int _Nm = 16]	16	static
C:\ST\STM32CubeIDE_1.13.2\STM32CubeIDE\plugins\com.st.stm32cube.ide.mcu.externaltools.gnu-tools-for-stm32.11.3.rel1.win32_1.1.1.202309131626\tools\bin/../lib/gcc/arm-none-eabi/11.3.1/../../../../arm-none-eabi/include/c++/11.3.1/array:60:7:static constexpr _Tp* std::__array_traits<_Tp, _Nm>::_S_ptr(const _Tp (&)[_Nm]) [with _Tp = float; unsigned int _Nm = 3]	16	static
C:\ST\STM32CubeIDE_1.13.2\STM32CubeIDE\plugins\com.st.stm32cube.ide.mcu.externaltools.gnu-tools-for-stm32.11.3.rel1.win32_1.1.1.202309131626\tools\bin/../lib/gcc/arm-none-eabi/11.3.1/../../../../arm-none-eabi/include/c++/11.3.1/array:60:7:static constexpr _Tp* std::__array_traits<_Tp, _Nm>::_S_ptr(const _Tp (&)[_Nm]) [with _Tp = float; unsigned int _Nm = 16]	16	static
../Lib/API/LibAPI.cpp:183:1:void __static_initialization_and_destruction_0(int, int)	112	static
../Lib/API/LibAPI.cpp:183:1:cpp)	8	static
