../Lib/API/../Util/Algorithms/ExtendedKalman/OrientationEKF.hpp:34:20:Algorithms::OrientationEKF::OrientationEKF(const StateVec&, const StateCovarianceMatrix&, float) [inherited from Algorithms::ExtendedKalmanFilter<4, 3, 6>]	24	static
../Lib/API/../Util/Algorithms/ExtendedKalman/VelocityEKF.hpp:31:20:Algorithms::VelocityEKF::VelocityEKF(const StateVec&, const StateCovarianceMatrix&, float) [inherited from Algorithms::ExtendedKalmanFilter<6, 3, 6>]	24	static
../Lib/API/../Util/Algorithms/FusionAlgorithm.hpp:32:2:Algorithms::FusionAlgorithm::FusionAlgorithm()	312	static
../Lib/API/../Util/Algorithms/FusionAlgorithm.hpp:47:31:const StateVec& Algorithms::FusionAlgorithm::GetVelPos() const	16	static
../Lib/API/../Util/Algorithms/ExtendedKalman/AHRSKalman.hpp:22:2:Algorithms::AHRSKalman::AHRSKalman()	16	static
../Lib/API/LibAPI.cpp:49:9:uint8_t InitAlgorithms(const AGMSensorData*)	16	static
../Lib/API/LibAPI.cpp:65:9:uint8_t ResetKinematics()	32	static
../Lib/API/LibAPI.cpp:79:9:uint8_t MadgwickUpdate(const AGMSensorData*)	192	static
../Lib/API/LibAPI.cpp:181:9:uint8_t OnGNSSData(const GNSS_StateHandle*)	16	static
../Lib/API/LibAPI.cpp:186:6:Vec3 GetPosition()	56	static
../Lib/API/LibAPI.cpp:196:6:Vec3 GetVelocity()	56	static
../Lib/API/LibAPI.cpp:206:6:Vec3 GetAcceleration()	48	static
C:/Users/pawda/STM32CubeIDE/workspace_1.13.2/KalmanFilter/Lib/Util/Math/inc/Matrix.hpp:89:48:Mat::Matrix<6, 6>::Matrix(float)::<lambda(float&)>	16	static
C:/Users/pawda/STM32CubeIDE/workspace_1.13.2/KalmanFilter/Lib/Util/Math/inc/Matrix.hpp:86:1:Mat::Matrix<heigth, width>::Matrix(float) [with short unsigned int heigth = 6; short unsigned int width = 6]	24	static
C:/Users/pawda/STM32CubeIDE/workspace_1.13.2/KalmanFilter/Lib/Util/Math/inc/Vector.hpp:83:1:Mat::V_Vector<length>::V_Vector() [with short unsigned int length = 4]	16	static
C:/Users/pawda/STM32CubeIDE/workspace_1.13.2/KalmanFilter/Lib/Util/Math/inc/Matrix.hpp:83:1:Mat::Matrix<heigth, width>::Matrix() [with short unsigned int heigth = 4; short unsigned int width = 4]	16	static
../Lib/API/../Util/Algorithms/ExtendedKalman/EKF.hpp:30:2:Algorithms::ExtendedKalmanFilter<stateLen, controlLen, meassurementLen>::ExtendedKalmanFilter(const StateVec&, const StateCovarianceMatrix&, float) [with short unsigned int stateLen = 4; short unsigned int controlLen = 3; short unsigned int meassurementLen = 6]	32	static
C:/Users/pawda/STM32CubeIDE/workspace_1.13.2/KalmanFilter/Lib/Util/Math/inc/Vector.hpp:83:1:Mat::V_Vector<length>::V_Vector() [with short unsigned int length = 6]	16	static
C:/Users/pawda/STM32CubeIDE/workspace_1.13.2/KalmanFilter/Lib/Util/Math/inc/Matrix.hpp:83:1:Mat::Matrix<heigth, width>::Matrix() [with short unsigned int heigth = 6; short unsigned int width = 6]	16	static
../Lib/API/../Util/Algorithms/ExtendedKalman/EKF.hpp:30:2:Algorithms::ExtendedKalmanFilter<stateLen, controlLen, meassurementLen>::ExtendedKalmanFilter(const StateVec&, const StateCovarianceMatrix&, float) [with short unsigned int stateLen = 6; short unsigned int controlLen = 3; short unsigned int meassurementLen = 6]	32	static
C:/Users/pawda/STM32CubeIDE/workspace_1.13.2/KalmanFilter/Lib/Util/Math/inc/Vector.hpp:83:1:Mat::V_Vector<length>::V_Vector() [with short unsigned int length = 3]	16	static
C:/Users/pawda/STM32CubeIDE/workspace_1.13.2/KalmanFilter/Lib/Util/Math/inc/Matrix.hpp:83:1:Mat::Matrix<heigth, width>::Matrix() [with short unsigned int heigth = 3; short unsigned int width = 3]	16	static
C:/Users/pawda/STM32CubeIDE/workspace_1.13.2/KalmanFilter/Lib/Util/Math/inc/Matrix.hpp:65:20:Mat::Matrix<size, size> Mat::Eye(float) [with short unsigned int size = 3]	24	static
C:/Users/pawda/STM32CubeIDE/workspace_1.13.2/KalmanFilter/Lib/Util/Math/inc/Matrix.hpp:96:8:float& Mat::Matrix<heigth, width>::operator()(Mat::u_short, Mat::u_short) [with short unsigned int heigth = 6; short unsigned int width = 6]	24	static
../Lib/API/../Util/Algorithms/ExtendedKalman/EKF.hpp:40:18:const StateVec& Algorithms::ExtendedKalmanFilter<stateLen, controlLen, meassurementLen>::GetState() const [with short unsigned int stateLen = 6; short unsigned int controlLen = 3; short unsigned int meassurementLen = 6]	16	static
C:/Users/pawda/STM32CubeIDE/workspace_1.13.2/KalmanFilter/Lib/Util/Math/inc/Matrix.hpp:65:20:Mat::Matrix<size, size> Mat::Eye(float) [with short unsigned int size = 4]	24	static
C:/Users/pawda/STM32CubeIDE/workspace_1.13.2/KalmanFilter/Lib/Util/Math/inc/Matrix.hpp:93:1:Mat::Matrix<heigth, width>::Matrix(const std::array<float, (heigth * width)>&) [with short unsigned int heigth = 3; short unsigned int width = 1]	16	static
C:/Users/pawda/STM32CubeIDE/workspace_1.13.2/KalmanFilter/Lib/Util/Math/inc/Matrix.hpp:89:48:Mat::Matrix<3, 1>::Matrix(float)::<lambda(float&)>	16	static
C:/Users/pawda/STM32CubeIDE/workspace_1.13.2/KalmanFilter/Lib/Util/Math/inc/Matrix.hpp:86:1:Mat::Matrix<heigth, width>::Matrix(float) [with short unsigned int heigth = 3; short unsigned int width = 1]	24	static
C:/Users/pawda/STM32CubeIDE/workspace_1.13.2/KalmanFilter/Lib/Util/Math/inc/Matrix.hpp:96:8:float& Mat::Matrix<heigth, width>::operator()(Mat::u_short, Mat::u_short) [with short unsigned int heigth = 3; short unsigned int width = 1]	24	static
C:/Users/pawda/STM32CubeIDE/workspace_1.13.2/KalmanFilter/Lib/Util/Math/inc/Matrix.hpp:209:29:Mat::Matrix<heigth, other_width> Mat::Matrix<heigth, width>::operator*(const Mat::Matrix<width, other_width>&) const [with short unsigned int other_width = 1; short unsigned int heigth = 3; short unsigned int width = 3]	56	static
C:/Users/pawda/STM32CubeIDE/workspace_1.13.2/KalmanFilter/Lib/Util/Math/inc/Vector.hpp:44:15:float Mat::V_Vector<length>::operator()(Mat::u_short) const [with short unsigned int length = 6]	16	static
C:\ST\STM32CubeIDE_1.13.2\STM32CubeIDE\plugins\com.st.stm32cube.ide.mcu.externaltools.gnu-tools-for-stm32.11.3.rel1.win32_1.1.1.202309131626\tools\bin/../lib/gcc/arm-none-eabi/11.3.1/../../../../arm-none-eabi/include/c++/11.3.1/array:127:7:std::array<_Tp, _Nm>::value_type* std::array<_Tp, _Nm>::begin() [with _Tp = float; unsigned int _Nm = 36]	16	static
C:\ST\STM32CubeIDE_1.13.2\STM32CubeIDE\plugins\com.st.stm32cube.ide.mcu.externaltools.gnu-tools-for-stm32.11.3.rel1.win32_1.1.1.202309131626\tools\bin/../lib/gcc/arm-none-eabi/11.3.1/../../../../arm-none-eabi/include/c++/11.3.1/array:135:7:std::array<_Tp, _Nm>::value_type* std::array<_Tp, _Nm>::end() [with _Tp = float; unsigned int _Nm = 36]	16	static
C:\ST\STM32CubeIDE_1.13.2\STM32CubeIDE\plugins\com.st.stm32cube.ide.mcu.externaltools.gnu-tools-for-stm32.11.3.rel1.win32_1.1.1.202309131626\tools\bin/../lib/gcc/arm-none-eabi/11.3.1/../../../../arm-none-eabi/include/c++/11.3.1/bits/stl_algo.h:3814:5:_Funct std::for_each(_IIter, _IIter, _Funct) [with _IIter = float*; _Funct = Mat::Matrix<6, 6>::Matrix(float)::<lambda(float&)>]	24	static
C:/Users/pawda/STM32CubeIDE/workspace_1.13.2/KalmanFilter/Lib/Util/Math/inc/Matrix.hpp:83:1:Mat::Matrix<heigth, width>::Matrix() [with short unsigned int heigth = 4; short unsigned int width = 1]	16	static
C:/Users/pawda/STM32CubeIDE/workspace_1.13.2/KalmanFilter/Lib/Util/Math/inc/Matrix.hpp:83:1:Mat::Matrix<heigth, width>::Matrix() [with short unsigned int heigth = 6; short unsigned int width = 1]	16	static
C:/Users/pawda/STM32CubeIDE/workspace_1.13.2/KalmanFilter/Lib/Util/Math/inc/Matrix.hpp:83:1:Mat::Matrix<heigth, width>::Matrix() [with short unsigned int heigth = 3; short unsigned int width = 1]	16	static
C:/Users/pawda/STM32CubeIDE/workspace_1.13.2/KalmanFilter/Lib/Util/Math/inc/Matrix.hpp:89:48:Mat::Matrix<3, 3>::Matrix(float)::<lambda(float&)>	16	static
C:/Users/pawda/STM32CubeIDE/workspace_1.13.2/KalmanFilter/Lib/Util/Math/inc/Matrix.hpp:86:1:Mat::Matrix<heigth, width>::Matrix(float) [with short unsigned int heigth = 3; short unsigned int width = 3]	24	static
C:/Users/pawda/STM32CubeIDE/workspace_1.13.2/KalmanFilter/Lib/Util/Math/inc/Matrix.hpp:96:8:float& Mat::Matrix<heigth, width>::operator()(Mat::u_short, Mat::u_short) [with short unsigned int heigth = 3; short unsigned int width = 3]	24	static
C:\ST\STM32CubeIDE_1.13.2\STM32CubeIDE\plugins\com.st.stm32cube.ide.mcu.externaltools.gnu-tools-for-stm32.11.3.rel1.win32_1.1.1.202309131626\tools\bin/../lib/gcc/arm-none-eabi/11.3.1/../../../../arm-none-eabi/include/c++/11.3.1/array:186:7:std::array<_Tp, _Nm>::value_type& std::array<_Tp, _Nm>::operator[](std::array<_Tp, _Nm>::size_type) [with _Tp = float; unsigned int _Nm = 36]	16	static
C:/Users/pawda/STM32CubeIDE/workspace_1.13.2/KalmanFilter/Lib/Util/Math/inc/Matrix.hpp:89:48:Mat::Matrix<4, 4>::Matrix(float)::<lambda(float&)>	16	static
C:/Users/pawda/STM32CubeIDE/workspace_1.13.2/KalmanFilter/Lib/Util/Math/inc/Matrix.hpp:86:1:Mat::Matrix<heigth, width>::Matrix(float) [with short unsigned int heigth = 4; short unsigned int width = 4]	24	static
C:/Users/pawda/STM32CubeIDE/workspace_1.13.2/KalmanFilter/Lib/Util/Math/inc/Matrix.hpp:96:8:float& Mat::Matrix<heigth, width>::operator()(Mat::u_short, Mat::u_short) [with short unsigned int heigth = 4; short unsigned int width = 4]	24	static
C:\ST\STM32CubeIDE_1.13.2\STM32CubeIDE\plugins\com.st.stm32cube.ide.mcu.externaltools.gnu-tools-for-stm32.11.3.rel1.win32_1.1.1.202309131626\tools\bin/../lib/gcc/arm-none-eabi/11.3.1/../../../../arm-none-eabi/include/c++/11.3.1/array:127:7:std::array<_Tp, _Nm>::value_type* std::array<_Tp, _Nm>::begin() [with _Tp = float; unsigned int _Nm = 3]	16	static
C:\ST\STM32CubeIDE_1.13.2\STM32CubeIDE\plugins\com.st.stm32cube.ide.mcu.externaltools.gnu-tools-for-stm32.11.3.rel1.win32_1.1.1.202309131626\tools\bin/../lib/gcc/arm-none-eabi/11.3.1/../../../../arm-none-eabi/include/c++/11.3.1/array:135:7:std::array<_Tp, _Nm>::value_type* std::array<_Tp, _Nm>::end() [with _Tp = float; unsigned int _Nm = 3]	16	static
C:\ST\STM32CubeIDE_1.13.2\STM32CubeIDE\plugins\com.st.stm32cube.ide.mcu.externaltools.gnu-tools-for-stm32.11.3.rel1.win32_1.1.1.202309131626\tools\bin/../lib/gcc/arm-none-eabi/11.3.1/../../../../arm-none-eabi/include/c++/11.3.1/bits/stl_algo.h:3814:5:_Funct std::for_each(_IIter, _IIter, _Funct) [with _IIter = float*; _Funct = Mat::Matrix<3, 1>::Matrix(float)::<lambda(float&)>]	24	static
C:\ST\STM32CubeIDE_1.13.2\STM32CubeIDE\plugins\com.st.stm32cube.ide.mcu.externaltools.gnu-tools-for-stm32.11.3.rel1.win32_1.1.1.202309131626\tools\bin/../lib/gcc/arm-none-eabi/11.3.1/../../../../arm-none-eabi/include/c++/11.3.1/array:186:7:std::array<_Tp, _Nm>::value_type& std::array<_Tp, _Nm>::operator[](std::array<_Tp, _Nm>::size_type) [with _Tp = float; unsigned int _Nm = 3]	16	static
C:/Users/pawda/STM32CubeIDE/workspace_1.13.2/KalmanFilter/Lib/Util/Math/inc/Matrix.hpp:217:6:void Mat::Matrix<heigth, width>::Multiply(const Mat::Matrix<width, other_width>&, Mat::Matrix<heigth, other_width>&) const [with short unsigned int other_width = 1; short unsigned int heigth = 3; short unsigned int width = 3]	104	static
C:\ST\STM32CubeIDE_1.13.2\STM32CubeIDE\plugins\com.st.stm32cube.ide.mcu.externaltools.gnu-tools-for-stm32.11.3.rel1.win32_1.1.1.202309131626\tools\bin/../lib/gcc/arm-none-eabi/11.3.1/../../../../arm-none-eabi/include/c++/11.3.1/array:193:7:constexpr const value_type& std::array<_Tp, _Nm>::operator[](std::array<_Tp, _Nm>::size_type) const [with _Tp = float; unsigned int _Nm = 6]	16	static
C:\ST\STM32CubeIDE_1.13.2\STM32CubeIDE\plugins\com.st.stm32cube.ide.mcu.externaltools.gnu-tools-for-stm32.11.3.rel1.win32_1.1.1.202309131626\tools\bin/../lib/gcc/arm-none-eabi/11.3.1/../../../../arm-none-eabi/include/c++/11.3.1/array:257:7:std::array<_Tp, _Nm>::value_type* std::array<_Tp, _Nm>::data() [with _Tp = float; unsigned int _Nm = 36]	16	static
C:\ST\STM32CubeIDE_1.13.2\STM32CubeIDE\plugins\com.st.stm32cube.ide.mcu.externaltools.gnu-tools-for-stm32.11.3.rel1.win32_1.1.1.202309131626\tools\bin/../lib/gcc/arm-none-eabi/11.3.1/../../../../arm-none-eabi/include/c++/11.3.1/array:127:7:std::array<_Tp, _Nm>::value_type* std::array<_Tp, _Nm>::begin() [with _Tp = float; unsigned int _Nm = 9]	16	static
C:\ST\STM32CubeIDE_1.13.2\STM32CubeIDE\plugins\com.st.stm32cube.ide.mcu.externaltools.gnu-tools-for-stm32.11.3.rel1.win32_1.1.1.202309131626\tools\bin/../lib/gcc/arm-none-eabi/11.3.1/../../../../arm-none-eabi/include/c++/11.3.1/array:135:7:std::array<_Tp, _Nm>::value_type* std::array<_Tp, _Nm>::end() [with _Tp = float; unsigned int _Nm = 9]	16	static
C:\ST\STM32CubeIDE_1.13.2\STM32CubeIDE\plugins\com.st.stm32cube.ide.mcu.externaltools.gnu-tools-for-stm32.11.3.rel1.win32_1.1.1.202309131626\tools\bin/../lib/gcc/arm-none-eabi/11.3.1/../../../../arm-none-eabi/include/c++/11.3.1/bits/stl_algo.h:3814:5:_Funct std::for_each(_IIter, _IIter, _Funct) [with _IIter = float*; _Funct = Mat::Matrix<3, 3>::Matrix(float)::<lambda(float&)>]	24	static
C:\ST\STM32CubeIDE_1.13.2\STM32CubeIDE\plugins\com.st.stm32cube.ide.mcu.externaltools.gnu-tools-for-stm32.11.3.rel1.win32_1.1.1.202309131626\tools\bin/../lib/gcc/arm-none-eabi/11.3.1/../../../../arm-none-eabi/include/c++/11.3.1/array:186:7:std::array<_Tp, _Nm>::value_type& std::array<_Tp, _Nm>::operator[](std::array<_Tp, _Nm>::size_type) [with _Tp = float; unsigned int _Nm = 9]	16	static
C:\ST\STM32CubeIDE_1.13.2\STM32CubeIDE\plugins\com.st.stm32cube.ide.mcu.externaltools.gnu-tools-for-stm32.11.3.rel1.win32_1.1.1.202309131626\tools\bin/../lib/gcc/arm-none-eabi/11.3.1/../../../../arm-none-eabi/include/c++/11.3.1/array:56:7:static constexpr _Tp& std::__array_traits<_Tp, _Nm>::_S_ref(const _Tp (&)[_Nm], std::size_t) [with _Tp = float; unsigned int _Nm = 36]	16	static
C:\ST\STM32CubeIDE_1.13.2\STM32CubeIDE\plugins\com.st.stm32cube.ide.mcu.externaltools.gnu-tools-for-stm32.11.3.rel1.win32_1.1.1.202309131626\tools\bin/../lib/gcc/arm-none-eabi/11.3.1/../../../../arm-none-eabi/include/c++/11.3.1/array:127:7:std::array<_Tp, _Nm>::value_type* std::array<_Tp, _Nm>::begin() [with _Tp = float; unsigned int _Nm = 16]	16	static
C:\ST\STM32CubeIDE_1.13.2\STM32CubeIDE\plugins\com.st.stm32cube.ide.mcu.externaltools.gnu-tools-for-stm32.11.3.rel1.win32_1.1.1.202309131626\tools\bin/../lib/gcc/arm-none-eabi/11.3.1/../../../../arm-none-eabi/include/c++/11.3.1/array:135:7:std::array<_Tp, _Nm>::value_type* std::array<_Tp, _Nm>::end() [with _Tp = float; unsigned int _Nm = 16]	16	static
C:\ST\STM32CubeIDE_1.13.2\STM32CubeIDE\plugins\com.st.stm32cube.ide.mcu.externaltools.gnu-tools-for-stm32.11.3.rel1.win32_1.1.1.202309131626\tools\bin/../lib/gcc/arm-none-eabi/11.3.1/../../../../arm-none-eabi/include/c++/11.3.1/bits/stl_algo.h:3814:5:_Funct std::for_each(_IIter, _IIter, _Funct) [with _IIter = float*; _Funct = Mat::Matrix<4, 4>::Matrix(float)::<lambda(float&)>]	24	static
C:\ST\STM32CubeIDE_1.13.2\STM32CubeIDE\plugins\com.st.stm32cube.ide.mcu.externaltools.gnu-tools-for-stm32.11.3.rel1.win32_1.1.1.202309131626\tools\bin/../lib/gcc/arm-none-eabi/11.3.1/../../../../arm-none-eabi/include/c++/11.3.1/array:186:7:std::array<_Tp, _Nm>::value_type& std::array<_Tp, _Nm>::operator[](std::array<_Tp, _Nm>::size_type) [with _Tp = float; unsigned int _Nm = 16]	16	static
C:\ST\STM32CubeIDE_1.13.2\STM32CubeIDE\plugins\com.st.stm32cube.ide.mcu.externaltools.gnu-tools-for-stm32.11.3.rel1.win32_1.1.1.202309131626\tools\bin/../lib/gcc/arm-none-eabi/11.3.1/../../../../arm-none-eabi/include/c++/11.3.1/array:257:7:std::array<_Tp, _Nm>::value_type* std::array<_Tp, _Nm>::data() [with _Tp = float; unsigned int _Nm = 3]	16	static
C:\ST\STM32CubeIDE_1.13.2\STM32CubeIDE\plugins\com.st.stm32cube.ide.mcu.externaltools.gnu-tools-for-stm32.11.3.rel1.win32_1.1.1.202309131626\tools\bin/../lib/gcc/arm-none-eabi/11.3.1/../../../../arm-none-eabi/include/c++/11.3.1/array:56:7:static constexpr _Tp& std::__array_traits<_Tp, _Nm>::_S_ref(const _Tp (&)[_Nm], std::size_t) [with _Tp = float; unsigned int _Nm = 3]	16	static
C:\ST\STM32CubeIDE_1.13.2\STM32CubeIDE\plugins\com.st.stm32cube.ide.mcu.externaltools.gnu-tools-for-stm32.11.3.rel1.win32_1.1.1.202309131626\tools\bin/../lib/gcc/arm-none-eabi/11.3.1/../../../../arm-none-eabi/include/c++/11.3.1/array:186:7:std::array<_Tp, _Nm>::value_type& std::array<_Tp, _Nm>::operator[](std::array<_Tp, _Nm>::size_type) [with _Tp = std::array<float, 3>; unsigned int _Nm = 3]	16	static
C:/Users/pawda/STM32CubeIDE/workspace_1.13.2/KalmanFilter/Lib/Util/Math/inc/Matrix.hpp:103:7:float Mat::Matrix<heigth, width>::operator()(Mat::u_short, Mat::u_short) const [with short unsigned int heigth = 3; short unsigned int width = 3]	24	static
C:\ST\STM32CubeIDE_1.13.2\STM32CubeIDE\plugins\com.st.stm32cube.ide.mcu.externaltools.gnu-tools-for-stm32.11.3.rel1.win32_1.1.1.202309131626\tools\bin/../lib/gcc/arm-none-eabi/11.3.1/../../../../arm-none-eabi/include/c++/11.3.1/array:186:7:std::array<_Tp, _Nm>::value_type& std::array<_Tp, _Nm>::operator[](std::array<_Tp, _Nm>::size_type) [with _Tp = std::array<float, 3>; unsigned int _Nm = 1]	16	static
C:/Users/pawda/STM32CubeIDE/workspace_1.13.2/KalmanFilter/Lib/Util/Math/inc/Matrix.hpp:103:7:float Mat::Matrix<heigth, width>::operator()(Mat::u_short, Mat::u_short) const [with short unsigned int heigth = 3; short unsigned int width = 1]	24	static
C:/Users/pawda/STM32CubeIDE/workspace_1.13.2/KalmanFilter/Lib/Util/Math/inc/Matrix.hpp:75:7:float Mat::Multiply_rows(const std::array<float, length>&, const std::array<float, length>&) [with unsigned int length = 3]	32	static
C:\ST\STM32CubeIDE_1.13.2\STM32CubeIDE\plugins\com.st.stm32cube.ide.mcu.externaltools.gnu-tools-for-stm32.11.3.rel1.win32_1.1.1.202309131626\tools\bin/../lib/gcc/arm-none-eabi/11.3.1/../../../../arm-none-eabi/include/c++/11.3.1/array:56:7:static constexpr _Tp& std::__array_traits<_Tp, _Nm>::_S_ref(const _Tp (&)[_Nm], std::size_t) [with _Tp = float; unsigned int _Nm = 6]	16	static
C:\ST\STM32CubeIDE_1.13.2\STM32CubeIDE\plugins\com.st.stm32cube.ide.mcu.externaltools.gnu-tools-for-stm32.11.3.rel1.win32_1.1.1.202309131626\tools\bin/../lib/gcc/arm-none-eabi/11.3.1/../../../../arm-none-eabi/include/c++/11.3.1/array:60:7:static constexpr _Tp* std::__array_traits<_Tp, _Nm>::_S_ptr(const _Tp (&)[_Nm]) [with _Tp = float; unsigned int _Nm = 36]	16	static
C:\ST\STM32CubeIDE_1.13.2\STM32CubeIDE\plugins\com.st.stm32cube.ide.mcu.externaltools.gnu-tools-for-stm32.11.3.rel1.win32_1.1.1.202309131626\tools\bin/../lib/gcc/arm-none-eabi/11.3.1/../../../../arm-none-eabi/include/c++/11.3.1/array:257:7:std::array<_Tp, _Nm>::value_type* std::array<_Tp, _Nm>::data() [with _Tp = float; unsigned int _Nm = 9]	16	static
C:\ST\STM32CubeIDE_1.13.2\STM32CubeIDE\plugins\com.st.stm32cube.ide.mcu.externaltools.gnu-tools-for-stm32.11.3.rel1.win32_1.1.1.202309131626\tools\bin/../lib/gcc/arm-none-eabi/11.3.1/../../../../arm-none-eabi/include/c++/11.3.1/array:56:7:static constexpr _Tp& std::__array_traits<_Tp, _Nm>::_S_ref(const _Tp (&)[_Nm], std::size_t) [with _Tp = float; unsigned int _Nm = 9]	16	static
C:\ST\STM32CubeIDE_1.13.2\STM32CubeIDE\plugins\com.st.stm32cube.ide.mcu.externaltools.gnu-tools-for-stm32.11.3.rel1.win32_1.1.1.202309131626\tools\bin/../lib/gcc/arm-none-eabi/11.3.1/../../../../arm-none-eabi/include/c++/11.3.1/array:257:7:std::array<_Tp, _Nm>::value_type* std::array<_Tp, _Nm>::data() [with _Tp = float; unsigned int _Nm = 16]	16	static
C:\ST\STM32CubeIDE_1.13.2\STM32CubeIDE\plugins\com.st.stm32cube.ide.mcu.externaltools.gnu-tools-for-stm32.11.3.rel1.win32_1.1.1.202309131626\tools\bin/../lib/gcc/arm-none-eabi/11.3.1/../../../../arm-none-eabi/include/c++/11.3.1/array:56:7:static constexpr _Tp& std::__array_traits<_Tp, _Nm>::_S_ref(const _Tp (&)[_Nm], std::size_t) [with _Tp = float; unsigned int _Nm = 16]	16	static
C:\ST\STM32CubeIDE_1.13.2\STM32CubeIDE\plugins\com.st.stm32cube.ide.mcu.externaltools.gnu-tools-for-stm32.11.3.rel1.win32_1.1.1.202309131626\tools\bin/../lib/gcc/arm-none-eabi/11.3.1/../../../../arm-none-eabi/include/c++/11.3.1/array:60:7:static constexpr _Tp* std::__array_traits<_Tp, _Nm>::_S_ptr(const _Tp (&)[_Nm]) [with _Tp = float; unsigned int _Nm = 3]	16	static
C:\ST\STM32CubeIDE_1.13.2\STM32CubeIDE\plugins\com.st.stm32cube.ide.mcu.externaltools.gnu-tools-for-stm32.11.3.rel1.win32_1.1.1.202309131626\tools\bin/../lib/gcc/arm-none-eabi/11.3.1/../../../../arm-none-eabi/include/c++/11.3.1/array:56:7:static constexpr _Tp& std::__array_traits<_Tp, _Nm>::_S_ref(const _Tp (&)[_Nm], std::size_t) [with _Tp = std::array<float, 3>; unsigned int _Nm = 3]	16	static
C:\ST\STM32CubeIDE_1.13.2\STM32CubeIDE\plugins\com.st.stm32cube.ide.mcu.externaltools.gnu-tools-for-stm32.11.3.rel1.win32_1.1.1.202309131626\tools\bin/../lib/gcc/arm-none-eabi/11.3.1/../../../../arm-none-eabi/include/c++/11.3.1/array:193:7:constexpr const value_type& std::array<_Tp, _Nm>::operator[](std::array<_Tp, _Nm>::size_type) const [with _Tp = float; unsigned int _Nm = 9]	16	static
C:\ST\STM32CubeIDE_1.13.2\STM32CubeIDE\plugins\com.st.stm32cube.ide.mcu.externaltools.gnu-tools-for-stm32.11.3.rel1.win32_1.1.1.202309131626\tools\bin/../lib/gcc/arm-none-eabi/11.3.1/../../../../arm-none-eabi/include/c++/11.3.1/array:56:7:static constexpr _Tp& std::__array_traits<_Tp, _Nm>::_S_ref(const _Tp (&)[_Nm], std::size_t) [with _Tp = std::array<float, 3>; unsigned int _Nm = 1]	16	static
C:\ST\STM32CubeIDE_1.13.2\STM32CubeIDE\plugins\com.st.stm32cube.ide.mcu.externaltools.gnu-tools-for-stm32.11.3.rel1.win32_1.1.1.202309131626\tools\bin/../lib/gcc/arm-none-eabi/11.3.1/../../../../arm-none-eabi/include/c++/11.3.1/array:193:7:constexpr const value_type& std::array<_Tp, _Nm>::operator[](std::array<_Tp, _Nm>::size_type) const [with _Tp = float; unsigned int _Nm = 3]	16	static
C:\ST\STM32CubeIDE_1.13.2\STM32CubeIDE\plugins\com.st.stm32cube.ide.mcu.externaltools.gnu-tools-for-stm32.11.3.rel1.win32_1.1.1.202309131626\tools\bin/../lib/gcc/arm-none-eabi/11.3.1/../../../../arm-none-eabi/include/c++/11.3.1/array:60:7:static constexpr _Tp* std::__array_traits<_Tp, _Nm>::_S_ptr(const _Tp (&)[_Nm]) [with _Tp = float; unsigned int _Nm = 9]	16	static
C:\ST\STM32CubeIDE_1.13.2\STM32CubeIDE\plugins\com.st.stm32cube.ide.mcu.externaltools.gnu-tools-for-stm32.11.3.rel1.win32_1.1.1.202309131626\tools\bin/../lib/gcc/arm-none-eabi/11.3.1/../../../../arm-none-eabi/include/c++/11.3.1/array:60:7:static constexpr _Tp* std::__array_traits<_Tp, _Nm>::_S_ptr(const _Tp (&)[_Nm]) [with _Tp = float; unsigned int _Nm = 16]	16	static
../Lib/API/LibAPI.cpp:210:1:void __static_initialization_and_destruction_0(int, int)	112	static
../Lib/API/../Util/Algorithms/ExtendedKalman/EKF.hpp:32:15:void Algorithms::ExtendedKalmanFilter<stateLen, controlLen, meassurementLen>::Init(const StateVec&, const StateCovarianceMatrix&, float) [with short unsigned int stateLen = 4; short unsigned int controlLen = 3; short unsigned int meassurementLen = 6]	32	static
../Lib/API/../Util/Algorithms/ExtendedKalman/EKF.hpp:61:6:void Algorithms::ExtendedKalmanFilter<stateLen, controlLen, meassurementLen>::Predict(const ControlVec&, const ControlCovarianceMatrix&, float) [with short unsigned int stateLen = 4; short unsigned int controlLen = 3; short unsigned int meassurementLen = 6]	416	static
../Lib/API/../Util/Algorithms/ExtendedKalman/EKF.hpp:73:6:void Algorithms::ExtendedKalmanFilter<stateLen, controlLen, meassurementLen>::Update(const MeassurementVec&, const MeasurementCovarianceMatrix&, float) [with short unsigned int stateLen = 4; short unsigned int controlLen = 3; short unsigned int meassurementLen = 6]	1360	static
../Lib/API/../Util/Algorithms/ExtendedKalman/EKF.hpp:32:15:void Algorithms::ExtendedKalmanFilter<stateLen, controlLen, meassurementLen>::Init(const StateVec&, const StateCovarianceMatrix&, float) [with short unsigned int stateLen = 6; short unsigned int controlLen = 3; short unsigned int meassurementLen = 6]	32	static
../Lib/API/../Util/Algorithms/ExtendedKalman/EKF.hpp:61:6:void Algorithms::ExtendedKalmanFilter<stateLen, controlLen, meassurementLen>::Predict(const ControlVec&, const ControlCovarianceMatrix&, float) [with short unsigned int stateLen = 6; short unsigned int controlLen = 3; short unsigned int meassurementLen = 6]	896	static
../Lib/API/../Util/Algorithms/ExtendedKalman/EKF.hpp:73:6:void Algorithms::ExtendedKalmanFilter<stateLen, controlLen, meassurementLen>::Update(const MeassurementVec&, const MeasurementCovarianceMatrix&, float) [with short unsigned int stateLen = 6; short unsigned int controlLen = 3; short unsigned int meassurementLen = 6]	1976	static
C:/Users/pawda/STM32CubeIDE/workspace_1.13.2/KalmanFilter/Lib/Util/Math/inc/Matrix.hpp:209:29:Mat::Matrix<heigth, other_width> Mat::Matrix<heigth, width>::operator*(const Mat::Matrix<width, other_width>&) const [with short unsigned int other_width = 4; short unsigned int heigth = 4; short unsigned int width = 4]	24	static
C:/Users/pawda/STM32CubeIDE/workspace_1.13.2/KalmanFilter/Lib/Util/Math/inc/Matrix.hpp:244:23:Mat::Matrix<width, heigth> Mat::Matrix<heigth, width>::Transposed() const [with short unsigned int heigth = 4; short unsigned int width = 4]	32	static
C:/Users/pawda/STM32CubeIDE/workspace_1.13.2/KalmanFilter/Lib/Util/Math/inc/Matrix.hpp:161:30:Mat::Matrix<heigth, width> Mat::Matrix<heigth, width>::operator+(const Mat::Matrix<heigth, width>&) const [with short unsigned int heigth = 4; short unsigned int width = 4]	32	static
C:/Users/pawda/STM32CubeIDE/workspace_1.13.2/KalmanFilter/Lib/Util/Math/inc/Matrix.hpp:209:29:Mat::Matrix<heigth, other_width> Mat::Matrix<heigth, width>::operator*(const Mat::Matrix<width, other_width>&) const [with short unsigned int other_width = 4; short unsigned int heigth = 6; short unsigned int width = 4]	24	static
C:/Users/pawda/STM32CubeIDE/workspace_1.13.2/KalmanFilter/Lib/Util/Math/inc/Matrix.hpp:244:23:Mat::Matrix<width, heigth> Mat::Matrix<heigth, width>::Transposed() const [with short unsigned int heigth = 6; short unsigned int width = 4]	32	static
C:/Users/pawda/STM32CubeIDE/workspace_1.13.2/KalmanFilter/Lib/Util/Math/inc/Matrix.hpp:209:29:Mat::Matrix<heigth, other_width> Mat::Matrix<heigth, width>::operator*(const Mat::Matrix<width, other_width>&) const [with short unsigned int other_width = 6; short unsigned int heigth = 6; short unsigned int width = 4]	24	static
C:/Users/pawda/STM32CubeIDE/workspace_1.13.2/KalmanFilter/Lib/Util/Math/inc/Matrix.hpp:161:30:Mat::Matrix<heigth, width> Mat::Matrix<heigth, width>::operator+(const Mat::Matrix<heigth, width>&) const [with short unsigned int heigth = 6; short unsigned int width = 6]	24	static
C:/Users/pawda/STM32CubeIDE/workspace_1.13.2/KalmanFilter/Lib/Util/Math/inc/Matrix.hpp:209:29:Mat::Matrix<heigth, other_width> Mat::Matrix<heigth, width>::operator*(const Mat::Matrix<width, other_width>&) const [with short unsigned int other_width = 6; short unsigned int heigth = 4; short unsigned int width = 4]	24	static
C:/Users/pawda/STM32CubeIDE/workspace_1.13.2/KalmanFilter/Lib/Util/Math/inc/Matrix.hpp:209:29:Mat::Matrix<heigth, other_width> Mat::Matrix<heigth, width>::operator*(const Mat::Matrix<width, other_width>&) const [with short unsigned int other_width = 6; short unsigned int heigth = 4; short unsigned int width = 6]	24	static
C:/Users/pawda/STM32CubeIDE/workspace_1.13.2/KalmanFilter/Lib/Util/Math/inc/Matrix.hpp:178:30:Mat::Matrix<heigth, width> Mat::Matrix<heigth, width>::operator-(const Mat::Matrix<heigth, width>&) const [with short unsigned int heigth = 6; short unsigned int width = 1]	32	static
C:/Users/pawda/STM32CubeIDE/workspace_1.13.2/KalmanFilter/Lib/Util/Math/inc/Matrix.hpp:209:29:Mat::Matrix<heigth, other_width> Mat::Matrix<heigth, width>::operator*(const Mat::Matrix<width, other_width>&) const [with short unsigned int other_width = 1; short unsigned int heigth = 4; short unsigned int width = 6]	72	static
C:/Users/pawda/STM32CubeIDE/workspace_1.13.2/KalmanFilter/Lib/Util/Math/inc/Matrix.hpp:133:31:Mat::Matrix<heigth, width>& Mat::Matrix<heigth, width>::operator+=(const Mat::Matrix<heigth, width>&) [with short unsigned int heigth = 4; short unsigned int width = 1]	32	static
C:/Users/pawda/STM32CubeIDE/workspace_1.13.2/KalmanFilter/Lib/Util/Math/inc/Matrix.hpp:209:29:Mat::Matrix<heigth, other_width> Mat::Matrix<heigth, width>::operator*(const Mat::Matrix<width, other_width>&) const [with short unsigned int other_width = 4; short unsigned int heigth = 4; short unsigned int width = 6]	24	static
C:/Users/pawda/STM32CubeIDE/workspace_1.13.2/KalmanFilter/Lib/Util/Math/inc/Matrix.hpp:178:30:Mat::Matrix<heigth, width> Mat::Matrix<heigth, width>::operator-(const Mat::Matrix<heigth, width>&) const [with short unsigned int heigth = 4; short unsigned int width = 4]	32	static
C:/Users/pawda/STM32CubeIDE/workspace_1.13.2/KalmanFilter/Lib/Util/Math/inc/Matrix.hpp:209:29:Mat::Matrix<heigth, other_width> Mat::Matrix<heigth, width>::operator*(const Mat::Matrix<width, other_width>&) const [with short unsigned int other_width = 6; short unsigned int heigth = 6; short unsigned int width = 6]	24	static
C:/Users/pawda/STM32CubeIDE/workspace_1.13.2/KalmanFilter/Lib/Util/Math/inc/Matrix.hpp:244:23:Mat::Matrix<width, heigth> Mat::Matrix<heigth, width>::Transposed() const [with short unsigned int heigth = 6; short unsigned int width = 6]	32	static
C:/Users/pawda/STM32CubeIDE/workspace_1.13.2/KalmanFilter/Lib/Util/Math/inc/Matrix.hpp:209:29:Mat::Matrix<heigth, other_width> Mat::Matrix<heigth, width>::operator*(const Mat::Matrix<width, other_width>&) const [with short unsigned int other_width = 1; short unsigned int heigth = 6; short unsigned int width = 6]	24	static
C:/Users/pawda/STM32CubeIDE/workspace_1.13.2/KalmanFilter/Lib/Util/Math/inc/Matrix.hpp:133:31:Mat::Matrix<heigth, width>& Mat::Matrix<heigth, width>::operator+=(const Mat::Matrix<heigth, width>&) [with short unsigned int heigth = 6; short unsigned int width = 1]	32	static
C:/Users/pawda/STM32CubeIDE/workspace_1.13.2/KalmanFilter/Lib/Util/Math/inc/Matrix.hpp:65:20:Mat::Matrix<size, size> Mat::Eye(float) [with short unsigned int size = 6]	24	static
C:/Users/pawda/STM32CubeIDE/workspace_1.13.2/KalmanFilter/Lib/Util/Math/inc/Matrix.hpp:178:30:Mat::Matrix<heigth, width> Mat::Matrix<heigth, width>::operator-(const Mat::Matrix<heigth, width>&) const [with short unsigned int heigth = 6; short unsigned int width = 6]	24	static
C:/Users/pawda/STM32CubeIDE/workspace_1.13.2/KalmanFilter/Lib/Util/Math/inc/Matrix.hpp:217:6:void Mat::Matrix<heigth, width>::Multiply(const Mat::Matrix<width, other_width>&, Mat::Matrix<heigth, other_width>&) const [with short unsigned int other_width = 4; short unsigned int heigth = 4; short unsigned int width = 4]	184	static
C:/Users/pawda/STM32CubeIDE/workspace_1.13.2/KalmanFilter/Lib/Util/Math/inc/Matrix.hpp:103:7:float Mat::Matrix<heigth, width>::operator()(Mat::u_short, Mat::u_short) const [with short unsigned int heigth = 4; short unsigned int width = 4]	24	static
C:/Users/pawda/STM32CubeIDE/workspace_1.13.2/KalmanFilter/Lib/Util/Math/inc/Matrix.hpp:133:31:Mat::Matrix<heigth, width>& Mat::Matrix<heigth, width>::operator+=(const Mat::Matrix<heigth, width>&) [with short unsigned int heigth = 4; short unsigned int width = 4]	32	static
C:/Users/pawda/STM32CubeIDE/workspace_1.13.2/KalmanFilter/Lib/Util/Math/inc/Matrix.hpp:83:1:Mat::Matrix<heigth, width>::Matrix() [with short unsigned int heigth = 6; short unsigned int width = 4]	16	static
C:/Users/pawda/STM32CubeIDE/workspace_1.13.2/KalmanFilter/Lib/Util/Math/inc/Matrix.hpp:217:6:void Mat::Matrix<heigth, width>::Multiply(const Mat::Matrix<width, other_width>&, Mat::Matrix<heigth, other_width>&) const [with short unsigned int other_width = 4; short unsigned int heigth = 6; short unsigned int width = 4]	216	static
C:/Users/pawda/STM32CubeIDE/workspace_1.13.2/KalmanFilter/Lib/Util/Math/inc/Matrix.hpp:83:1:Mat::Matrix<heigth, width>::Matrix() [with short unsigned int heigth = 4; short unsigned int width = 6]	16	static
C:/Users/pawda/STM32CubeIDE/workspace_1.13.2/KalmanFilter/Lib/Util/Math/inc/Matrix.hpp:96:8:float& Mat::Matrix<heigth, width>::operator()(Mat::u_short, Mat::u_short) [with short unsigned int heigth = 4; short unsigned int width = 6]	24	static
C:/Users/pawda/STM32CubeIDE/workspace_1.13.2/KalmanFilter/Lib/Util/Math/inc/Matrix.hpp:103:7:float Mat::Matrix<heigth, width>::operator()(Mat::u_short, Mat::u_short) const [with short unsigned int heigth = 6; short unsigned int width = 4]	24	static
C:/Users/pawda/STM32CubeIDE/workspace_1.13.2/KalmanFilter/Lib/Util/Math/inc/Matrix.hpp:217:6:void Mat::Matrix<heigth, width>::Multiply(const Mat::Matrix<width, other_width>&, Mat::Matrix<heigth, other_width>&) const [with short unsigned int other_width = 6; short unsigned int heigth = 6; short unsigned int width = 4]	248	static
C:/Users/pawda/STM32CubeIDE/workspace_1.13.2/KalmanFilter/Lib/Util/Math/inc/Matrix.hpp:133:31:Mat::Matrix<heigth, width>& Mat::Matrix<heigth, width>::operator+=(const Mat::Matrix<heigth, width>&) [with short unsigned int heigth = 6; short unsigned int width = 6]	32	static
C:/Users/pawda/STM32CubeIDE/workspace_1.13.2/KalmanFilter/Lib/Util/Math/inc/Matrix.hpp:217:6:void Mat::Matrix<heigth, width>::Multiply(const Mat::Matrix<width, other_width>&, Mat::Matrix<heigth, other_width>&) const [with short unsigned int other_width = 6; short unsigned int heigth = 4; short unsigned int width = 4]	216	static
C:/Users/pawda/STM32CubeIDE/workspace_1.13.2/KalmanFilter/Lib/Util/Math/inc/Matrix.hpp:217:6:void Mat::Matrix<heigth, width>::Multiply(const Mat::Matrix<width, other_width>&, Mat::Matrix<heigth, other_width>&) const [with short unsigned int other_width = 6; short unsigned int heigth = 4; short unsigned int width = 6]	296	static
C:/Users/pawda/STM32CubeIDE/workspace_1.13.2/KalmanFilter/Lib/Util/Math/inc/Matrix.hpp:147:31:Mat::Matrix<heigth, width>& Mat::Matrix<heigth, width>::operator-=(const Mat::Matrix<heigth, width>&) [with short unsigned int heigth = 6; short unsigned int width = 1]	32	static
C:/Users/pawda/STM32CubeIDE/workspace_1.13.2/KalmanFilter/Lib/Util/Math/inc/Matrix.hpp:217:6:void Mat::Matrix<heigth, width>::Multiply(const Mat::Matrix<width, other_width>&, Mat::Matrix<heigth, other_width>&) const [with short unsigned int other_width = 1; short unsigned int heigth = 4; short unsigned int width = 6]	176	static
C:\ST\STM32CubeIDE_1.13.2\STM32CubeIDE\plugins\com.st.stm32cube.ide.mcu.externaltools.gnu-tools-for-stm32.11.3.rel1.win32_1.1.1.202309131626\tools\bin/../lib/gcc/arm-none-eabi/11.3.1/../../../../arm-none-eabi/include/c++/11.3.1/array:176:7:constexpr std::array<_Tp, _Nm>::size_type std::array<_Tp, _Nm>::size() const [with _Tp = float; unsigned int _Nm = 4]	16	static
C:\ST\STM32CubeIDE_1.13.2\STM32CubeIDE\plugins\com.st.stm32cube.ide.mcu.externaltools.gnu-tools-for-stm32.11.3.rel1.win32_1.1.1.202309131626\tools\bin/../lib/gcc/arm-none-eabi/11.3.1/../../../../arm-none-eabi/include/c++/11.3.1/array:186:7:std::array<_Tp, _Nm>::value_type& std::array<_Tp, _Nm>::operator[](std::array<_Tp, _Nm>::size_type) [with _Tp = float; unsigned int _Nm = 4]	16	static
C:\ST\STM32CubeIDE_1.13.2\STM32CubeIDE\plugins\com.st.stm32cube.ide.mcu.externaltools.gnu-tools-for-stm32.11.3.rel1.win32_1.1.1.202309131626\tools\bin/../lib/gcc/arm-none-eabi/11.3.1/../../../../arm-none-eabi/include/c++/11.3.1/array:193:7:constexpr const value_type& std::array<_Tp, _Nm>::operator[](std::array<_Tp, _Nm>::size_type) const [with _Tp = float; unsigned int _Nm = 4]	16	static
C:/Users/pawda/STM32CubeIDE/workspace_1.13.2/KalmanFilter/Lib/Util/Math/inc/Matrix.hpp:217:6:void Mat::Matrix<heigth, width>::Multiply(const Mat::Matrix<width, other_width>&, Mat::Matrix<heigth, other_width>&) const [with short unsigned int other_width = 4; short unsigned int heigth = 4; short unsigned int width = 6]	248	static
C:/Users/pawda/STM32CubeIDE/workspace_1.13.2/KalmanFilter/Lib/Util/Math/inc/Matrix.hpp:147:31:Mat::Matrix<heigth, width>& Mat::Matrix<heigth, width>::operator-=(const Mat::Matrix<heigth, width>&) [with short unsigned int heigth = 4; short unsigned int width = 4]	32	static
C:/Users/pawda/STM32CubeIDE/workspace_1.13.2/KalmanFilter/Lib/Util/Math/inc/Matrix.hpp:217:6:void Mat::Matrix<heigth, width>::Multiply(const Mat::Matrix<width, other_width>&, Mat::Matrix<heigth, other_width>&) const [with short unsigned int other_width = 6; short unsigned int heigth = 6; short unsigned int width = 6]	344	static
C:/Users/pawda/STM32CubeIDE/workspace_1.13.2/KalmanFilter/Lib/Util/Math/inc/Matrix.hpp:103:7:float Mat::Matrix<heigth, width>::operator()(Mat::u_short, Mat::u_short) const [with short unsigned int heigth = 6; short unsigned int width = 6]	24	static
C:/Users/pawda/STM32CubeIDE/workspace_1.13.2/KalmanFilter/Lib/Util/Math/inc/Matrix.hpp:217:6:void Mat::Matrix<heigth, width>::Multiply(const Mat::Matrix<width, other_width>&, Mat::Matrix<heigth, other_width>&) const [with short unsigned int other_width = 1; short unsigned int heigth = 6; short unsigned int width = 6]	224	static
C:\ST\STM32CubeIDE_1.13.2\STM32CubeIDE\plugins\com.st.stm32cube.ide.mcu.externaltools.gnu-tools-for-stm32.11.3.rel1.win32_1.1.1.202309131626\tools\bin/../lib/gcc/arm-none-eabi/11.3.1/../../../../arm-none-eabi/include/c++/11.3.1/array:176:7:constexpr std::array<_Tp, _Nm>::size_type std::array<_Tp, _Nm>::size() const [with _Tp = float; unsigned int _Nm = 6]	16	static
C:\ST\STM32CubeIDE_1.13.2\STM32CubeIDE\plugins\com.st.stm32cube.ide.mcu.externaltools.gnu-tools-for-stm32.11.3.rel1.win32_1.1.1.202309131626\tools\bin/../lib/gcc/arm-none-eabi/11.3.1/../../../../arm-none-eabi/include/c++/11.3.1/array:186:7:std::array<_Tp, _Nm>::value_type& std::array<_Tp, _Nm>::operator[](std::array<_Tp, _Nm>::size_type) [with _Tp = float; unsigned int _Nm = 6]	16	static
C:/Users/pawda/STM32CubeIDE/workspace_1.13.2/KalmanFilter/Lib/Util/Math/inc/Matrix.hpp:147:31:Mat::Matrix<heigth, width>& Mat::Matrix<heigth, width>::operator-=(const Mat::Matrix<heigth, width>&) [with short unsigned int heigth = 6; short unsigned int width = 6]	32	static
C:\ST\STM32CubeIDE_1.13.2\STM32CubeIDE\plugins\com.st.stm32cube.ide.mcu.externaltools.gnu-tools-for-stm32.11.3.rel1.win32_1.1.1.202309131626\tools\bin/../lib/gcc/arm-none-eabi/11.3.1/../../../../arm-none-eabi/include/c++/11.3.1/array:186:7:std::array<_Tp, _Nm>::value_type& std::array<_Tp, _Nm>::operator[](std::array<_Tp, _Nm>::size_type) [with _Tp = std::array<float, 4>; unsigned int _Nm = 4]	16	static
C:/Users/pawda/STM32CubeIDE/workspace_1.13.2/KalmanFilter/Lib/Util/Math/inc/Matrix.hpp:75:7:float Mat::Multiply_rows(const std::array<float, length>&, const std::array<float, length>&) [with unsigned int length = 4]	32	static
C:\ST\STM32CubeIDE_1.13.2\STM32CubeIDE\plugins\com.st.stm32cube.ide.mcu.externaltools.gnu-tools-for-stm32.11.3.rel1.win32_1.1.1.202309131626\tools\bin/../lib/gcc/arm-none-eabi/11.3.1/../../../../arm-none-eabi/include/c++/11.3.1/array:193:7:constexpr const value_type& std::array<_Tp, _Nm>::operator[](std::array<_Tp, _Nm>::size_type) const [with _Tp = float; unsigned int _Nm = 16]	16	static
C:\ST\STM32CubeIDE_1.13.2\STM32CubeIDE\plugins\com.st.stm32cube.ide.mcu.externaltools.gnu-tools-for-stm32.11.3.rel1.win32_1.1.1.202309131626\tools\bin/../lib/gcc/arm-none-eabi/11.3.1/../../../../arm-none-eabi/include/c++/11.3.1/array:176:7:constexpr std::array<_Tp, _Nm>::size_type std::array<_Tp, _Nm>::size() const [with _Tp = float; unsigned int _Nm = 16]	16	static
C:\ST\STM32CubeIDE_1.13.2\STM32CubeIDE\plugins\com.st.stm32cube.ide.mcu.externaltools.gnu-tools-for-stm32.11.3.rel1.win32_1.1.1.202309131626\tools\bin/../lib/gcc/arm-none-eabi/11.3.1/../../../../arm-none-eabi/include/c++/11.3.1/array:186:7:std::array<_Tp, _Nm>::value_type& std::array<_Tp, _Nm>::operator[](std::array<_Tp, _Nm>::size_type) [with _Tp = std::array<float, 4>; unsigned int _Nm = 6]	16	static
C:/Users/pawda/STM32CubeIDE/workspace_1.13.2/KalmanFilter/Lib/Util/Math/inc/Matrix.hpp:96:8:float& Mat::Matrix<heigth, width>::operator()(Mat::u_short, Mat::u_short) [with short unsigned int heigth = 6; short unsigned int width = 4]	24	static
C:\ST\STM32CubeIDE_1.13.2\STM32CubeIDE\plugins\com.st.stm32cube.ide.mcu.externaltools.gnu-tools-for-stm32.11.3.rel1.win32_1.1.1.202309131626\tools\bin/../lib/gcc/arm-none-eabi/11.3.1/../../../../arm-none-eabi/include/c++/11.3.1/array:186:7:std::array<_Tp, _Nm>::value_type& std::array<_Tp, _Nm>::operator[](std::array<_Tp, _Nm>::size_type) [with _Tp = float; unsigned int _Nm = 24]	16	static
C:\ST\STM32CubeIDE_1.13.2\STM32CubeIDE\plugins\com.st.stm32cube.ide.mcu.externaltools.gnu-tools-for-stm32.11.3.rel1.win32_1.1.1.202309131626\tools\bin/../lib/gcc/arm-none-eabi/11.3.1/../../../../arm-none-eabi/include/c++/11.3.1/array:193:7:constexpr const value_type& std::array<_Tp, _Nm>::operator[](std::array<_Tp, _Nm>::size_type) const [with _Tp = float; unsigned int _Nm = 24]	16	static
C:/Users/pawda/STM32CubeIDE/workspace_1.13.2/KalmanFilter/Lib/Util/Math/inc/Matrix.hpp:103:7:float Mat::Matrix<heigth, width>::operator()(Mat::u_short, Mat::u_short) const [with short unsigned int heigth = 4; short unsigned int width = 6]	24	static
C:\ST\STM32CubeIDE_1.13.2\STM32CubeIDE\plugins\com.st.stm32cube.ide.mcu.externaltools.gnu-tools-for-stm32.11.3.rel1.win32_1.1.1.202309131626\tools\bin/../lib/gcc/arm-none-eabi/11.3.1/../../../../arm-none-eabi/include/c++/11.3.1/array:176:7:constexpr std::array<_Tp, _Nm>::size_type std::array<_Tp, _Nm>::size() const [with _Tp = float; unsigned int _Nm = 36]	16	static
C:\ST\STM32CubeIDE_1.13.2\STM32CubeIDE\plugins\com.st.stm32cube.ide.mcu.externaltools.gnu-tools-for-stm32.11.3.rel1.win32_1.1.1.202309131626\tools\bin/../lib/gcc/arm-none-eabi/11.3.1/../../../../arm-none-eabi/include/c++/11.3.1/array:193:7:constexpr const value_type& std::array<_Tp, _Nm>::operator[](std::array<_Tp, _Nm>::size_type) const [with _Tp = float; unsigned int _Nm = 36]	16	static
C:\ST\STM32CubeIDE_1.13.2\STM32CubeIDE\plugins\com.st.stm32cube.ide.mcu.externaltools.gnu-tools-for-stm32.11.3.rel1.win32_1.1.1.202309131626\tools\bin/../lib/gcc/arm-none-eabi/11.3.1/../../../../arm-none-eabi/include/c++/11.3.1/array:186:7:std::array<_Tp, _Nm>::value_type& std::array<_Tp, _Nm>::operator[](std::array<_Tp, _Nm>::size_type) [with _Tp = std::array<float, 6>; unsigned int _Nm = 4]	16	static
C:\ST\STM32CubeIDE_1.13.2\STM32CubeIDE\plugins\com.st.stm32cube.ide.mcu.externaltools.gnu-tools-for-stm32.11.3.rel1.win32_1.1.1.202309131626\tools\bin/../lib/gcc/arm-none-eabi/11.3.1/../../../../arm-none-eabi/include/c++/11.3.1/array:186:7:std::array<_Tp, _Nm>::value_type& std::array<_Tp, _Nm>::operator[](std::array<_Tp, _Nm>::size_type) [with _Tp = std::array<float, 6>; unsigned int _Nm = 6]	16	static
C:/Users/pawda/STM32CubeIDE/workspace_1.13.2/KalmanFilter/Lib/Util/Math/inc/Matrix.hpp:75:7:float Mat::Multiply_rows(const std::array<float, length>&, const std::array<float, length>&) [with unsigned int length = 6]	32	static
C:\ST\STM32CubeIDE_1.13.2\STM32CubeIDE\plugins\com.st.stm32cube.ide.mcu.externaltools.gnu-tools-for-stm32.11.3.rel1.win32_1.1.1.202309131626\tools\bin/../lib/gcc/arm-none-eabi/11.3.1/../../../../arm-none-eabi/include/c++/11.3.1/array:186:7:std::array<_Tp, _Nm>::value_type& std::array<_Tp, _Nm>::operator[](std::array<_Tp, _Nm>::size_type) [with _Tp = std::array<float, 6>; unsigned int _Nm = 1]	16	static
C:/Users/pawda/STM32CubeIDE/workspace_1.13.2/KalmanFilter/Lib/Util/Math/inc/Matrix.hpp:103:7:float Mat::Matrix<heigth, width>::operator()(Mat::u_short, Mat::u_short) const [with short unsigned int heigth = 6; short unsigned int width = 1]	24	static
C:/Users/pawda/STM32CubeIDE/workspace_1.13.2/KalmanFilter/Lib/Util/Math/inc/Matrix.hpp:96:8:float& Mat::Matrix<heigth, width>::operator()(Mat::u_short, Mat::u_short) [with short unsigned int heigth = 4; short unsigned int width = 1]	24	static
C:\ST\STM32CubeIDE_1.13.2\STM32CubeIDE\plugins\com.st.stm32cube.ide.mcu.externaltools.gnu-tools-for-stm32.11.3.rel1.win32_1.1.1.202309131626\tools\bin/../lib/gcc/arm-none-eabi/11.3.1/../../../../arm-none-eabi/include/c++/11.3.1/array:56:7:static constexpr _Tp& std::__array_traits<_Tp, _Nm>::_S_ref(const _Tp (&)[_Nm], std::size_t) [with _Tp = float; unsigned int _Nm = 4]	16	static
C:/Users/pawda/STM32CubeIDE/workspace_1.13.2/KalmanFilter/Lib/Util/Math/inc/Matrix.hpp:96:8:float& Mat::Matrix<heigth, width>::operator()(Mat::u_short, Mat::u_short) [with short unsigned int heigth = 6; short unsigned int width = 1]	24	static
C:\ST\STM32CubeIDE_1.13.2\STM32CubeIDE\plugins\com.st.stm32cube.ide.mcu.externaltools.gnu-tools-for-stm32.11.3.rel1.win32_1.1.1.202309131626\tools\bin/../lib/gcc/arm-none-eabi/11.3.1/../../../../arm-none-eabi/include/c++/11.3.1/array:56:7:static constexpr _Tp& std::__array_traits<_Tp, _Nm>::_S_ref(const _Tp (&)[_Nm], std::size_t) [with _Tp = std::array<float, 4>; unsigned int _Nm = 4]	16	static
C:\ST\STM32CubeIDE_1.13.2\STM32CubeIDE\plugins\com.st.stm32cube.ide.mcu.externaltools.gnu-tools-for-stm32.11.3.rel1.win32_1.1.1.202309131626\tools\bin/../lib/gcc/arm-none-eabi/11.3.1/../../../../arm-none-eabi/include/c++/11.3.1/array:56:7:static constexpr _Tp& std::__array_traits<_Tp, _Nm>::_S_ref(const _Tp (&)[_Nm], std::size_t) [with _Tp = std::array<float, 4>; unsigned int _Nm = 6]	16	static
C:\ST\STM32CubeIDE_1.13.2\STM32CubeIDE\plugins\com.st.stm32cube.ide.mcu.externaltools.gnu-tools-for-stm32.11.3.rel1.win32_1.1.1.202309131626\tools\bin/../lib/gcc/arm-none-eabi/11.3.1/../../../../arm-none-eabi/include/c++/11.3.1/array:56:7:static constexpr _Tp& std::__array_traits<_Tp, _Nm>::_S_ref(const _Tp (&)[_Nm], std::size_t) [with _Tp = float; unsigned int _Nm = 24]	16	static
C:\ST\STM32CubeIDE_1.13.2\STM32CubeIDE\plugins\com.st.stm32cube.ide.mcu.externaltools.gnu-tools-for-stm32.11.3.rel1.win32_1.1.1.202309131626\tools\bin/../lib/gcc/arm-none-eabi/11.3.1/../../../../arm-none-eabi/include/c++/11.3.1/array:56:7:static constexpr _Tp& std::__array_traits<_Tp, _Nm>::_S_ref(const _Tp (&)[_Nm], std::size_t) [with _Tp = std::array<float, 6>; unsigned int _Nm = 4]	16	static
C:\ST\STM32CubeIDE_1.13.2\STM32CubeIDE\plugins\com.st.stm32cube.ide.mcu.externaltools.gnu-tools-for-stm32.11.3.rel1.win32_1.1.1.202309131626\tools\bin/../lib/gcc/arm-none-eabi/11.3.1/../../../../arm-none-eabi/include/c++/11.3.1/array:56:7:static constexpr _Tp& std::__array_traits<_Tp, _Nm>::_S_ref(const _Tp (&)[_Nm], std::size_t) [with _Tp = std::array<float, 6>; unsigned int _Nm = 6]	16	static
C:\ST\STM32CubeIDE_1.13.2\STM32CubeIDE\plugins\com.st.stm32cube.ide.mcu.externaltools.gnu-tools-for-stm32.11.3.rel1.win32_1.1.1.202309131626\tools\bin/../lib/gcc/arm-none-eabi/11.3.1/../../../../arm-none-eabi/include/c++/11.3.1/array:56:7:static constexpr _Tp& std::__array_traits<_Tp, _Nm>::_S_ref(const _Tp (&)[_Nm], std::size_t) [with _Tp = std::array<float, 6>; unsigned int _Nm = 1]	16	static
../Lib/API/LibAPI.cpp:210:1:cpp)	8	static
