../Peripherals/BMI160/src/bmi160.c:3110:15:null_ptr_check	0	static
../Peripherals/BMI160/src/bmi160.c:6310:13:unpack_skipped_frame.isra	0	static
../Peripherals/BMI160/src/bmi160.c:6282:13:unpack_sensortime_frame.isra	12	static
../Peripherals/BMI160/src/bmi160.c:6263:13:move_next_frame.isra	0	static
../Peripherals/BMI160/src/bmi160.c:6244:13:check_frame_validity.isra	8	static
../Peripherals/BMI160/src/bmi160.c:6151:13:unpack_aux_data.isra	0	static
../Peripherals/BMI160/src/bmi160.c:6044:13:unpack_aux_frame	16	static
../Peripherals/BMI160/src/bmi160.c:5649:13:unpack_accel_data.isra	8	static
../Peripherals/BMI160/src/bmi160.c:5548:13:unpack_accel_frame	16	static
../Peripherals/BMI160/src/bmi160.c:5794:13:unpack_gyro_frame	16	static
../Peripherals/BMI160/src/bmi160.c:1375:8:bmi160_get_regs	8	static
../Peripherals/BMI160/src/bmi160.c:6330:15:get_foc_status	16	static
../Peripherals/BMI160/src/bmi160.c:1406:8:bmi160_set_regs	32	static
../Peripherals/BMI160/src/bmi160.c:3898:15:map_feature_interrupt	32	static
../Peripherals/BMI160/src/bmi160.c:3943:15:map_hardware_interrupt	32	static
../Peripherals/BMI160/src/bmi160.c:3092:15:set_intr_pin_config	40	static
../Peripherals/BMI160/src/bmi160.c:1513:8:bmi160_soft_reset	24	static
../Peripherals/BMI160/src/bmi160.c:1466:8:bmi160_init	24	static
../Peripherals/BMI160/src/bmi160.c:1582:8:bmi160_get_sens_conf	16	static
../Peripherals/BMI160/src/bmi160.c:1606:8:bmi160_set_power_mode	24	static
../Peripherals/BMI160/src/bmi160.c:1549:8:bmi160_set_sens_conf	16	static
../Peripherals/BMI160/src/bmi160.c:1630:8:bmi160_get_power_mode	16	static
../Peripherals/BMI160/src/bmi160.c:1658:8:bmi160_get_sensor_data	32	static
../Peripherals/BMI160/src/bmi160.c:1738:8:bmi160_set_int_config	24	static
../Peripherals/BMI160/src/bmi160.c:1822:8:bmi160_set_step_counter	24	static
../Peripherals/BMI160/src/bmi160.c:1857:8:bmi160_read_step_counter	24	static
../Peripherals/BMI160/src/bmi160.c:1888:8:bmi160_aux_read	72	static
../Peripherals/BMI160/src/bmi160.c:1921:8:bmi160_aux_write	40	static
../Peripherals/BMI160/src/bmi160.c:2037:8:bmi160_config_aux_mode	24	static
../Peripherals/BMI160/src/bmi160.c:1959:8:bmi160_aux_init	16	static
../Peripherals/BMI160/src/bmi160.c:1990:8:bmi160_set_aux_auto_mode	24	static
../Peripherals/BMI160/src/bmi160.c:2064:8:bmi160_read_aux_data_auto_mode	16	static
../Peripherals/BMI160/src/bmi160.c:2093:8:bmi160_perform_self_test	48	static
../Peripherals/BMI160/src/bmi160.c:2157:8:bmi160_get_fifo_data	16	static
../Peripherals/BMI160/src/bmi160.c:2204:8:bmi160_set_fifo_flush	16	static
../Peripherals/BMI160/src/bmi160.c:2226:8:bmi160_set_fifo_config	24	static
../Peripherals/BMI160/src/bmi160.c:2284:8:bmi160_set_fifo_down	24	static
../Peripherals/BMI160/src/bmi160.c:2312:8:bmi160_set_fifo_wm	16	static
../Peripherals/BMI160/src/bmi160.c:2336:8:bmi160_extract_accel	56	static
../Peripherals/BMI160/src/bmi160.c:2384:8:bmi160_extract_gyro	56	static
../Peripherals/BMI160/src/bmi160.c:2432:8:bmi160_extract_aux	56	static
../Peripherals/BMI160/src/bmi160.c:2533:8:bmi160_get_offsets	24	static
../Peripherals/BMI160/src/bmi160.c:2484:8:bmi160_start_foc	40	static
../Peripherals/BMI160/src/bmi160.c:2595:8:bmi160_set_offsets	32	static
../Peripherals/BMI160/src/bmi160.c:2642:8:bmi160_update_nvm	24	static
../Peripherals/BMI160/src/bmi160.c:2683:8:bmi160_get_int_status	24	static
