../Core/Src/freertos.c:137:6:DelayFunction	16	static
../Core/Src/freertos.c:142:6:HAL_UART_RxCpltCallback	16	static
../Core/Src/freertos.c:152:6:HAL_UARTEx_RxEventCallback	16	static
../Core/Src/freertos.c:162:6:Receive_IT	8	static
../Core/Src/freertos.c:168:6:Receive_IT_IDLE	8	static
../Core/Src/freertos.c:174:6:AskPvtReceive_IT_IDLE	8	static
../Core/Src/freertos.c:184:6:Receive_DMA	8	static
../Core/Src/freertos.c:190:6:Receive_DMA_IDLE	8	static
../Core/Src/freertos.c:196:6:Ask_For_PVT	8	static
../Core/Src/freertos.c:214:6:MX_FREERTOS_Init	8	static
../Core/Src/freertos.c:267:6:StartDefaultTask	56	static
../Core/Src/freertos.c:335:6:StartAccMeassureTask	16	static
../Core/Src/freertos.c:407:6:StartReceiveGNSSDataTask	16	static
