Archive member included to satisfy reference by file (symbol)

C:/ST/STM32CubeIDE_1.13.2/STM32CubeIDE/plugins/com.st.stm32cube.ide.mcu.externaltools.gnu-tools-for-stm32.11.3.rel1.win32_1.1.1.202309131626/tools/bin/../lib/gcc/arm-none-eabi/11.3.1/../../../../arm-none-eabi/lib/thumb/v7e-m+dp/hard\libc_nano.a(libc_a-exit.o)
                              C:/ST/STM32CubeIDE_1.13.2/STM32CubeIDE/plugins/com.st.stm32cube.ide.mcu.externaltools.gnu-tools-for-stm32.11.3.rel1.win32_1.1.1.202309131626/tools/bin/../lib/gcc/arm-none-eabi/11.3.1/../../../../arm-none-eabi/lib/thumb/v7e-m+dp/hard/crt0.o (exit)
C:/ST/STM32CubeIDE_1.13.2/STM32CubeIDE/plugins/com.st.stm32cube.ide.mcu.externaltools.gnu-tools-for-stm32.11.3.rel1.win32_1.1.1.202309131626/tools/bin/../lib/gcc/arm-none-eabi/11.3.1/../../../../arm-none-eabi/lib/thumb/v7e-m+dp/hard\libc_nano.a(libc_a-findfp.o)
                              C:/ST/STM32CubeIDE_1.13.2/STM32CubeIDE/plugins/com.st.stm32cube.ide.mcu.externaltools.gnu-tools-for-stm32.11.3.rel1.win32_1.1.1.202309131626/tools/bin/../lib/gcc/arm-none-eabi/11.3.1/../../../../arm-none-eabi/lib/thumb/v7e-m+dp/hard\libc_nano.a(libc_a-exit.o) (__stdio_exit_handler)
C:/ST/STM32CubeIDE_1.13.2/STM32CubeIDE/plugins/com.st.stm32cube.ide.mcu.externaltools.gnu-tools-for-stm32.11.3.rel1.win32_1.1.1.202309131626/tools/bin/../lib/gcc/arm-none-eabi/11.3.1/../../../../arm-none-eabi/lib/thumb/v7e-m+dp/hard\libc_nano.a(libc_a-fwalk.o)
                              C:/ST/STM32CubeIDE_1.13.2/STM32CubeIDE/plugins/com.st.stm32cube.ide.mcu.externaltools.gnu-tools-for-stm32.11.3.rel1.win32_1.1.1.202309131626/tools/bin/../lib/gcc/arm-none-eabi/11.3.1/../../../../arm-none-eabi/lib/thumb/v7e-m+dp/hard\libc_nano.a(libc_a-findfp.o) (_fwalk_sglue)
C:/ST/STM32CubeIDE_1.13.2/STM32CubeIDE/plugins/com.st.stm32cube.ide.mcu.externaltools.gnu-tools-for-stm32.11.3.rel1.win32_1.1.1.202309131626/tools/bin/../lib/gcc/arm-none-eabi/11.3.1/../../../../arm-none-eabi/lib/thumb/v7e-m+dp/hard\libc_nano.a(libc_a-stdio.o)
                              C:/ST/STM32CubeIDE_1.13.2/STM32CubeIDE/plugins/com.st.stm32cube.ide.mcu.externaltools.gnu-tools-for-stm32.11.3.rel1.win32_1.1.1.202309131626/tools/bin/../lib/gcc/arm-none-eabi/11.3.1/../../../../arm-none-eabi/lib/thumb/v7e-m+dp/hard\libc_nano.a(libc_a-findfp.o) (__sread)
C:/ST/STM32CubeIDE_1.13.2/STM32CubeIDE/plugins/com.st.stm32cube.ide.mcu.externaltools.gnu-tools-for-stm32.11.3.rel1.win32_1.1.1.202309131626/tools/bin/../lib/gcc/arm-none-eabi/11.3.1/../../../../arm-none-eabi/lib/thumb/v7e-m+dp/hard\libc_nano.a(libc_a-memset.o)
                              C:/ST/STM32CubeIDE_1.13.2/STM32CubeIDE/plugins/com.st.stm32cube.ide.mcu.externaltools.gnu-tools-for-stm32.11.3.rel1.win32_1.1.1.202309131626/tools/bin/../lib/gcc/arm-none-eabi/11.3.1/../../../../arm-none-eabi/lib/thumb/v7e-m+dp/hard/crt0.o (memset)
C:/ST/STM32CubeIDE_1.13.2/STM32CubeIDE/plugins/com.st.stm32cube.ide.mcu.externaltools.gnu-tools-for-stm32.11.3.rel1.win32_1.1.1.202309131626/tools/bin/../lib/gcc/arm-none-eabi/11.3.1/../../../../arm-none-eabi/lib/thumb/v7e-m+dp/hard\libc_nano.a(libc_a-closer.o)
                              C:/ST/STM32CubeIDE_1.13.2/STM32CubeIDE/plugins/com.st.stm32cube.ide.mcu.externaltools.gnu-tools-for-stm32.11.3.rel1.win32_1.1.1.202309131626/tools/bin/../lib/gcc/arm-none-eabi/11.3.1/../../../../arm-none-eabi/lib/thumb/v7e-m+dp/hard\libc_nano.a(libc_a-stdio.o) (_close_r)
C:/ST/STM32CubeIDE_1.13.2/STM32CubeIDE/plugins/com.st.stm32cube.ide.mcu.externaltools.gnu-tools-for-stm32.11.3.rel1.win32_1.1.1.202309131626/tools/bin/../lib/gcc/arm-none-eabi/11.3.1/../../../../arm-none-eabi/lib/thumb/v7e-m+dp/hard\libc_nano.a(libc_a-reent.o)
                              C:/ST/STM32CubeIDE_1.13.2/STM32CubeIDE/plugins/com.st.stm32cube.ide.mcu.externaltools.gnu-tools-for-stm32.11.3.rel1.win32_1.1.1.202309131626/tools/bin/../lib/gcc/arm-none-eabi/11.3.1/../../../../arm-none-eabi/lib/thumb/v7e-m+dp/hard\libc_nano.a(libc_a-closer.o) (errno)
C:/ST/STM32CubeIDE_1.13.2/STM32CubeIDE/plugins/com.st.stm32cube.ide.mcu.externaltools.gnu-tools-for-stm32.11.3.rel1.win32_1.1.1.202309131626/tools/bin/../lib/gcc/arm-none-eabi/11.3.1/../../../../arm-none-eabi/lib/thumb/v7e-m+dp/hard\libc_nano.a(libc_a-impure.o)
                              C:/ST/STM32CubeIDE_1.13.2/STM32CubeIDE/plugins/com.st.stm32cube.ide.mcu.externaltools.gnu-tools-for-stm32.11.3.rel1.win32_1.1.1.202309131626/tools/bin/../lib/gcc/arm-none-eabi/11.3.1/../../../../arm-none-eabi/lib/thumb/v7e-m+dp/hard\libc_nano.a(libc_a-reent.o) (_impure_ptr)
C:/ST/STM32CubeIDE_1.13.2/STM32CubeIDE/plugins/com.st.stm32cube.ide.mcu.externaltools.gnu-tools-for-stm32.11.3.rel1.win32_1.1.1.202309131626/tools/bin/../lib/gcc/arm-none-eabi/11.3.1/../../../../arm-none-eabi/lib/thumb/v7e-m+dp/hard\libc_nano.a(libc_a-lseekr.o)
[...]
Memory Configuration

Name             Origin             Length             Attributes
FLASH            0x0000000008000000 0x0000000000200000 xr
DTCMRAM          0x0000000020000000 0x0000000000020000 xrw
RAM_D1           0x0000000024000000 0x0000000000080000 xrw
RAM_D2           0x0000000030000000 0x0000000000048000 xrw
RAM_D3           0x0000000038000000 0x0000000000010000 xrw
ITCMRAM          0x0000000000000000 0x0000000000010000 xrw
*default*        0x0000000000000000 0xffffffffffffffff

Linker script and memory map

LOAD C:/ST/STM32CubeIDE_1.13.2/STM32CubeIDE/plugins/com.st.stm32cube.ide.mcu.externaltools.gnu-tools-for-stm32.11.3.rel1.win32_1.1.1.202309131626/tools/bin/../lib/gcc/arm-none-eabi/11.3.1/thumb/v7e-m+dp/hard/crti.o
LOAD C:/ST/STM32CubeIDE_1.13.2/STM32CubeIDE/plugins/com.st.stm32cube.ide.mcu.externaltools.gnu-tools-for-stm32.11.3.rel1.win32_1.1.1.202309131626/tools/bin/../lib/gcc/arm-none-eabi/11.3.1/thumb/v7e-m+dp/hard/crtbegin.o
LOAD C:/ST/STM32CubeIDE_1.13.2/STM32CubeIDE/plugins/com.st.stm32cube.ide.mcu.externaltools.gnu-tools-for-stm32.11.3.rel1.win32_1.1.1.202309131626/tools/bin/../lib/gcc/arm-none-eabi/11.3.1/../../../../arm-none-eabi/lib/thumb/v7e-m+dp/hard/crt0.o
LOAD ./Core/Src/eth.o
LOAD ./Core/Src/freertos.o
LOAD ./Core/Src/gpio.o
LOAD ./Core/Src/i2c.o
LOAD ./Core/Src/logger.o
LOAD ./Core/Src/main.o
LOAD ./Core/Src/stm32h7xx_hal_msp.o
LOAD ./Core/Src/stm32h7xx_hal_timebase_tim.o
LOAD ./Core/Src/stm32h7xx_it.o
LOAD ./Core/Src/syscalls.o
LOAD ./Core/Src/sysmem.o
LOAD ./Core/Src/system_stm32h7xx.o
LOAD ./Core/Src/usart.o
LOAD ./Core/Src/usb_otg.o
LOAD ./Core/Startup/startup_stm32h743zitx.o
LOAD ./Drivers/STM32H7xx_HAL_Driver/Src/stm32h7xx_hal.o
LOAD ./Drivers/STM32H7xx_HAL_Driver/Src/stm32h7xx_hal_cortex.o
LOAD ./Drivers/STM32H7xx_HAL_Driver/Src/stm32h7xx_hal_dma.o
LOAD ./Drivers/STM32H7xx_HAL_Driver/Src/stm32h7xx_hal_dma_ex.o
LOAD ./Drivers/STM32H7xx_HAL_Driver/Src/stm32h7xx_hal_eth.o
LOAD ./Drivers/STM32H7xx_HAL_Driver/Src/stm32h7xx_hal_eth_ex.o
LOAD ./Drivers/STM32H7xx_HAL_Driver/Src/stm32h7xx_hal_exti.o
LOAD ./Drivers/STM32H7xx_HAL_Driver/Src/stm32h7xx_hal_flash.o
LOAD ./Drivers/STM32H7xx_HAL_Driver/Src/stm32h7xx_hal_flash_ex.o
LOAD ./Drivers/STM32H7xx_HAL_Driver/Src/stm32h7xx_hal_gpio.o
LOAD ./Drivers/STM32H7xx_HAL_Driver/Src/stm32h7xx_hal_hsem.o
LOAD ./Drivers/STM32H7xx_HAL_Driver/Src/stm32h7xx_hal_i2c.o
LOAD ./Drivers/STM32H7xx_HAL_Driver/Src/stm32h7xx_hal_i2c_ex.o
LOAD ./Drivers/STM32H7xx_HAL_Driver/Src/stm32h7xx_hal_mdma.o
LOAD ./Drivers/STM32H7xx_HAL_Driver/Src/stm32h7xx_hal_pcd.o
LOAD ./Drivers/STM32H7xx_HAL_Driver/Src/stm32h7xx_hal_pcd_ex.o
LOAD ./Drivers/STM32H7xx_HAL_Driver/Src/stm32h7xx_hal_pwr.o
LOAD ./Drivers/STM32H7xx_HAL_Driver/Src/stm32h7xx_hal_pwr_ex.o
LOAD ./Drivers/STM32H7xx_HAL_Driver/Src/stm32h7xx_hal_rcc.o
LOAD ./Drivers/STM32H7xx_HAL_Driver/Src/stm32h7xx_hal_rcc_ex.o
LOAD ./Drivers/STM32H7xx_HAL_Driver/Src/stm32h7xx_hal_tim.o
LOAD ./Drivers/STM32H7xx_HAL_Driver/Src/stm32h7xx_hal_tim_ex.o
LOAD ./Drivers/STM32H7xx_HAL_Driver/Src/stm32h7xx_hal_uart.o
LOAD ./Drivers/STM32H7xx_HAL_Driver/Src/stm32h7xx_hal_uart_ex.o
LOAD ./Drivers/STM32H7xx_HAL_Driver/Src/stm32h7xx_ll_usb.o
LOAD ./Lib/Util/src/API.o
LOAD ./Lib/Util/src/Matrix.o
LOAD ./Middlewares/Third_Party/FreeRTOS/Source/CMSIS_RTOS_V2/cmsis_os2.o
LOAD ./Middlewares/Third_Party/FreeRTOS/Source/croutine.o
LOAD ./Middlewares/Third_Party/FreeRTOS/Source/event_groups.o
LOAD ./Middlewares/Third_Party/FreeRTOS/Source/list.o
LOAD ./Middlewares/Third_Party/FreeRTOS/Source/queue.o
LOAD ./Middlewares/Third_Party/FreeRTOS/Source/stream_buffer.o
LOAD ./Middlewares/Third_Party/FreeRTOS/Source/tasks.o
LOAD ./Middlewares/Third_Party/FreeRTOS/Source/timers.o
LOAD ./Middlewares/Third_Party/FreeRTOS/Source/portable/GCC/ARM_CM4F/port.o
LOAD ./Middlewares/Third_Party/FreeRTOS/Source/portable/MemMang/heap_4.o
LOAD ./Peripherals/BMI160/src/bmi160.o
LOAD ./Peripherals/BMI160/src/bmi160_wrapper.o
LOAD ./Peripherals/BMI160/src/common_porting.o
START GROUP
LOAD C:/ST/STM32CubeIDE_1.13.2/STM32CubeIDE/plugins/com.st.stm32cube.ide.mcu.externaltools.gnu-tools-for-stm32.11.3.rel1.win32_1.1.1.202309131626/tools/bin/../lib/gcc/arm-none-eabi/11.3.1/../../../../arm-none-eabi/lib/thumb/v7e-m+dp/hard\libstdc++_nano.a
LOAD C:/ST/STM32CubeIDE_1.13.2/STM32CubeIDE/plugins/com.st.stm32cube.ide.mcu.externaltools.gnu-tools-for-stm32.11.3.rel1.win32_1.1.1.202309131626/tools/bin/../lib/gcc/arm-none-eabi/11.3.1/../../../../arm-none-eabi/lib/thumb/v7e-m+dp/hard\libsupc++_nano.a
END GROUP
LOAD C:/ST/STM32CubeIDE_1.13.2/STM32CubeIDE/plugins/com.st.stm32cube.ide.mcu.externaltools.gnu-tools-for-stm32.11.3.rel1.win32_1.1.1.202309131626/tools/bin/../lib/gcc/arm-none-eabi/11.3.1/../../../../arm-none-eabi/lib/thumb/v7e-m+dp/hard\libstdc++_nano.a
LOAD C:/ST/STM32CubeIDE_1.13.2/STM32CubeIDE/plugins/com.st.stm32cube.ide.mcu.externaltools.gnu-tools-for-stm32.11.3.rel1.win32_1.1.1.202309131626/tools/bin/../lib/gcc/arm-none-eabi/11.3.1/../../../../arm-none-eabi/lib/thumb/v7e-m+dp/hard\libm.a
LOAD C:/ST/STM32CubeIDE_1.13.2/STM32CubeIDE/plugins/com.st.stm32cube.ide.mcu.externaltools.gnu-tools-for-stm32.11.3.rel1.win32_1.1.1.202309131626/tools/bin/../lib/gcc/arm-none-eabi/11.3.1/../../../../arm-none-eabi/lib/thumb/v7e-m+dp/hard\libc_nano.a
START GROUP
LOAD C:/ST/STM32CubeIDE_1.13.2/STM32CubeIDE/plugins/com.st.stm32cube.ide.mcu.externaltools.gnu-tools-for-stm32.11.3.rel1.win32_1.1.1.202309131626/tools/bin/../lib/gcc/arm-none-eabi/11.3.1/thumb/v7e-m+dp/hard\libgcc.a
LOAD C:/ST/STM32CubeIDE_1.13.2/STM32CubeIDE/plugins/com.st.stm32cube.ide.mcu.externaltools.gnu-tools-for-stm32.11.3.rel1.win32_1.1.1.202309131626/tools/bin/../lib/gcc/arm-none-eabi/11.3.1/../../../../arm-none-eabi/lib/thumb/v7e-m+dp/hard\libc_nano.a
END GROUP
START GROUP
LOAD C:/ST/STM32CubeIDE_1.13.2/STM32CubeIDE/plugins/com.st.stm32cube.ide.mcu.externaltools.gnu-tools-for-stm32.11.3.rel1.win32_1.1.1.202309131626/tools/bin/../lib/gcc/arm-none-eabi/11.3.1/thumb/v7e-m+dp/hard\libgcc.a
LOAD C:/ST/STM32CubeIDE_1.13.2/STM32CubeIDE/plugins/com.st.stm32cube.ide.mcu.externaltools.gnu-tools-for-stm32.11.3.rel1.win32_1.1.1.202309131626/tools/bin/../lib/gcc/arm-none-eabi/11.3.1/../../../../arm-none-eabi/lib/thumb/v7e-m+dp/hard\libc_nano.a
LOAD C:/ST/STM32CubeIDE_1.13.2/STM32CubeIDE/plugins/com.st.stm32cube.ide.mcu.externaltools.gnu-tools-for-stm32.11.3.rel1.win32_1.1.1.202309131626/tools/bin/../lib/gcc/arm-none-eabi/11.3.1/../../../../arm-none-eabi/lib/thumb/v7e-m+dp/hard\libnosys.a
END GROUP
START GROUP
LOAD C:/ST/STM32CubeIDE_1.13.2/STM32CubeIDE/plugins/com.st.stm32cube.ide.mcu.externaltools.gnu-tools-for-stm32.11.3.rel1.win32_1.1.1.202309131626/tools/bin/../lib/gcc/arm-none-eabi/11.3.1/thumb/v7e-m+dp/hard\libgcc.a
LOAD C:/ST/STM32CubeIDE_1.13.2/STM32CubeIDE/plugins/com.st.stm32cube.ide.mcu.externaltools.gnu-tools-for-stm32.11.3.rel1.win32_1.1.1.202309131626/tools/bin/../lib/gcc/arm-none-eabi/11.3.1/../../../../arm-none-eabi/lib/thumb/v7e-m+dp/hard\libc_nano.a
LOAD C:/ST/STM32CubeIDE_1.13.2/STM32CubeIDE/plugins/com.st.stm32cube.ide.mcu.externaltools.gnu-tools-for-stm32.11.3.rel1.win32_1.1.1.202309131626/tools/bin/../lib/gcc/arm-none-eabi/11.3.1/../../../../arm-none-eabi/lib/thumb/v7e-m+dp/hard\libnosys.a
END GROUP
LOAD C:/ST/STM32CubeIDE_1.13.2/STM32CubeIDE/plugins/com.st.stm32cube.ide.mcu.externaltools.gnu-tools-for-stm32.11.3.rel1.win32_1.1.1.202309131626/tools/bin/../lib/gcc/arm-none-eabi/11.3.1/thumb/v7e-m+dp/hard/crtend.o
LOAD C:/ST/STM32CubeIDE_1.13.2/STM32CubeIDE/plugins/com.st.stm32cube.ide.mcu.externaltools.gnu-tools-for-stm32.11.3.rel1.win32_1.1.1.202309131626/tools/bin/../lib/gcc/arm-none-eabi/11.3.1/thumb/v7e-m+dp/hard/crtn.o
                0x0000000024080000                _estack = (ORIGIN (RAM_D1) + LENGTH (RAM_D1))
                0x0000000000000200                _Min_Heap_Size = 0x200
                0x0000000000000400                _Min_Stack_Size = 0x400

.isr_vector     0x0000000008000000      0x298
                0x0000000008000000                . = ALIGN (0x4)
 *(.isr_vector)
 .isr_vector    0x0000000008000000      0x298 ./Core/Startup/startup_stm32h743zitx.o
                0x0000000008000000                g_pfnVectors
                0x0000000008000298                . = ALIGN (0x4)

.text           0x00000000080002a0     0x7414
                0x00000000080002a0                . = ALIGN (0x4)
 *(.text)
 .text          0x00000000080002a0       0x40 C:/ST/STM32CubeIDE_1.13.2/STM32CubeIDE/plugins/com.st.stm32cube.ide.mcu.externaltools.gnu-tools-for-stm32.11.3.rel1.win32_1.1.1.202309131626/tools/bin/../lib/gcc/arm-none-eabi/11.3.1/thumb/v7e-m+dp/hard/crtbegin.o
 .text          0x00000000080002e0       0x30 C:/ST/STM32CubeIDE_1.13.2/STM32CubeIDE/plugins/com.st.stm32cube.ide.mcu.externaltools.gnu-tools-for-stm32.11.3.rel1.win32_1.1.1.202309131626/tools/bin/../lib/gcc/arm-none-eabi/11.3.1/thumb/v7e-m+dp/hard\libgcc.a(_aeabi_uldivmod.o)
                0x00000000080002e0                __aeabi_uldivmod
 .text          0x0000000008000310      0x2c8 C:/ST/STM32CubeIDE_1.13.2/STM32CubeIDE/plugins/com.st.stm32cube.ide.mcu.externaltools.gnu-tools-for-stm32.11.3.rel1.win32_1.1.1.202309131626/tools/bin/../lib/gcc/arm-none-eabi/11.3.1/thumb/v7e-m+dp/hard\libgcc.a(_udivmoddi4.o)
                0x0000000008000310                __udivmoddi4
 .text          0x00000000080005d8        0x4 C:/ST/STM32CubeIDE_1.13.2/STM32CubeIDE/plugins/com.st.stm32cube.ide.mcu.externaltools.gnu-tools-for-stm32.11.3.rel1.win32_1.1.1.202309131626/tools/bin/../lib/gcc/arm-none-eabi/11.3.1/thumb/v7e-m+dp/hard\libgcc.a(_dvmd_tls.o)
                0x00000000080005d8                __aeabi_idiv0
                0x00000000080005d8                __aeabi_ldiv0
 *(.text*)
 .text.MX_ETH_Init
                0x00000000080005dc       0x6c ./Core/Src/eth.o
                0x00000000080005dc                MX_ETH_Init
 .text.HAL_ETH_MspInit
                0x0000000008000648      0x134 ./Core/Src/eth.o
                0x0000000008000648                HAL_ETH_MspInit
 .text.StartDefaultTask
                0x000000000800077c        0xa ./Core/Src/freertos.o
                0x000000000800077c                StartDefaultTask
 *fill*         0x0000000008000786        0x2 
 .text.StartAccMeassureTask
                0x0000000008000788       0x58 ./Core/Src/freertos.o
                0x0000000008000788                StartAccMeassureTask
 .text.MX_FREERTOS_Init
                0x00000000080007e0       0x38 ./Core/Src/freertos.o
                0x00000000080007e0                MX_FREERTOS_Init
 .text.MX_GPIO_Init
                0x0000000008000818      0x138 ./Core/Src/gpio.o
                0x0000000008000818                MX_GPIO_Init
 .text.MX_I2C2_Init
                0x0000000008000950       0x5c ./Core/Src/i2c.o
                0x0000000008000950                MX_I2C2_Init
 .text.HAL_I2C_MspInit
                0x00000000080009ac       0x94 ./Core/Src/i2c.o
                0x00000000080009ac                HAL_I2C_MspInit
 .text.SystemClock_Config
                0x0000000008000a40       0xb0 ./Core/Src/main.o
                0x0000000008000a40                SystemClock_Config
 .text.startup.main
                0x0000000008000af0       0x2c ./Core/Src/main.o
                0x0000000008000af0                main
 .text.HAL_TIM_PeriodElapsedCallback
                0x0000000008000b1c       0x14 ./Core/Src/main.o
                0x0000000008000b1c                HAL_TIM_PeriodElapsedCallback
 .text.Error_Handler
                0x0000000008000b30        0x4 ./Core/Src/main.o
                0x0000000008000b30                Error_Handler
 .text.HAL_MspInit
                0x0000000008000b34       0x30 ./Core/Src/stm32h7xx_hal_msp.o
                0x0000000008000b34                HAL_MspInit
 .text.HAL_InitTick
                0x0000000008000b64       0x8c ./Core/Src/stm32h7xx_hal_timebase_tim.o
                0x0000000008000b64                HAL_InitTick
 .text.NMI_Handler
                0x0000000008000bf0        0x2 ./Core/Src/stm32h7xx_it.o
                0x0000000008000bf0                NMI_Handler
 .text.HardFault_Handler
                0x0000000008000bf2        0x2 ./Core/Src/stm32h7xx_it.o
                0x0000000008000bf2                HardFault_Handler
 .text.MemManage_Handler
                0x0000000008000bf4        0x2 ./Core/Src/stm32h7xx_it.o
                0x0000000008000bf4                MemManage_Handler
 .text.BusFault_Handler
                0x0000000008000bf6        0x2 ./Core/Src/stm32h7xx_it.o
                0x0000000008000bf6                BusFault_Handler
 .text.UsageFault_Handler
                0x0000000008000bf8        0x2 ./Core/Src/stm32h7xx_it.o
                0x0000000008000bf8                UsageFault_Handler
 .text.DebugMon_Handler
                0x0000000008000bfa        0x2 ./Core/Src/stm32h7xx_it.o
                0x0000000008000bfa                DebugMon_Handler
 .text.TIM17_IRQHandler
                0x0000000008000bfc        0xc ./Core/Src/stm32h7xx_it.o
                0x0000000008000bfc                TIM17_IRQHandler
 .text.SystemInit
                0x0000000008000c08       0xc0 ./Core/Src/system_stm32h7xx.o
                0x0000000008000c08                SystemInit
 .text.MX_USART3_UART_Init
                0x0000000008000cc8       0x68 ./Core/Src/usart.o
                0x0000000008000cc8                MX_USART3_UART_Init
 .text.HAL_UART_MspInit
                0x0000000008000d30       0x94 ./Core/Src/usart.o
                0x0000000008000d30                HAL_UART_MspInit
 .text.MX_USB_OTG_FS_PCD_Init
                0x0000000008000dc4       0x3c ./Core/Src/usb_otg.o
                0x0000000008000dc4                MX_USB_OTG_FS_PCD_Init
 .text.HAL_PCD_MspInit
                0x0000000008000e00       0xb4 ./Core/Src/usb_otg.o
                0x0000000008000e00                HAL_PCD_MspInit
 .text.Reset_Handler
                0x0000000008000eb4       0x50 ./Core/Startup/startup_stm32h743zitx.o
                0x0000000008000eb4                Reset_Handler
 .text.Default_Handler
                0x0000000008000f04        0x2 ./Core/Startup/startup_stm32h743zitx.o
                0x0000000008000f04                RTC_Alarm_IRQHandler
                0x0000000008000f04                EXTI2_IRQHandler
                0x0000000008000f04                TIM8_CC_IRQHandler
                0x0000000008000f04                HRTIM1_Master_IRQHandler
                0x0000000008000f04                UART8_IRQHandler
                0x0000000008000f04                SPI4_IRQHandler
                0x0000000008000f04                TIM1_CC_IRQHandler
                0x0000000008000f04                BDMA_Channel6_IRQHandler
                0x0000000008000f04                DMA2_Stream5_IRQHandler
                0x0000000008000f04                HRTIM1_FLT_IRQHandler
                0x0000000008000f04                JPEG_IRQHandler
                0x0000000008000f04                DMA1_Stream5_IRQHandler
                0x0000000008000f04                BDMA_Channel1_IRQHandler
                0x0000000008000f04                HRTIM1_TIMD_IRQHandler
                0x0000000008000f04                TAMP_STAMP_IRQHandler
                0x0000000008000f04                EXTI3_IRQHandler
                0x0000000008000f04                LPTIM4_IRQHandler
                0x0000000008000f04                TIM8_TRG_COM_TIM14_IRQHandler
                0x0000000008000f04                LPTIM2_IRQHandler
                0x0000000008000f04                DFSDM1_FLT1_IRQHandler
                0x0000000008000f04                DMAMUX2_OVR_IRQHandler
                0x0000000008000f04                TIM8_UP_TIM13_IRQHandler
                0x0000000008000f04                I2C3_ER_IRQHandler
                0x0000000008000f04                DFSDM1_FLT2_IRQHandler
                0x0000000008000f04                MDMA_IRQHandler
                0x0000000008000f04                LPTIM3_IRQHandler
                0x0000000008000f04                HSEM1_IRQHandler
                0x0000000008000f04                EXTI0_IRQHandler
                0x0000000008000f04                I2C2_EV_IRQHandler
                0x0000000008000f04                DMA1_Stream2_IRQHandler
                0x0000000008000f04                FPU_IRQHandler
                0x0000000008000f04                OTG_HS_WKUP_IRQHandler
                0x0000000008000f04                FDCAN1_IT1_IRQHandler
                0x0000000008000f04                LTDC_ER_IRQHandler
                0x0000000008000f04                DMA2_Stream2_IRQHandler
                0x0000000008000f04                HRTIM1_TIME_IRQHandler
                0x0000000008000f04                SPI1_IRQHandler
                0x0000000008000f04                TIM6_DAC_IRQHandler
                0x0000000008000f04                DCMI_IRQHandler
                0x0000000008000f04                HRTIM1_TIMC_IRQHandler
                0x0000000008000f04                DMA2_Stream3_IRQHandler
                0x0000000008000f04                SAI2_IRQHandler
                0x0000000008000f04                DFSDM1_FLT3_IRQHandler
                0x0000000008000f04                USART6_IRQHandler
                0x0000000008000f04                USART3_IRQHandler
                0x0000000008000f04                BDMA_Channel7_IRQHandler
                0x0000000008000f04                LPTIM5_IRQHandler
                0x0000000008000f04                UART5_IRQHandler
                0x0000000008000f04                ADC3_IRQHandler
                0x0000000008000f04                DMA2_Stream0_IRQHandler
                0x0000000008000f04                TIM4_IRQHandler
                0x0000000008000f04                BDMA_Channel2_IRQHandler
                0x0000000008000f04                QUADSPI_IRQHandler
                0x0000000008000f04                I2C1_EV_IRQHandler
                0x0000000008000f04                DMA1_Stream6_IRQHandler
                0x0000000008000f04                DMAMUX1_OVR_IRQHandler
                0x0000000008000f04                DMA1_Stream1_IRQHandler
                0x0000000008000f04                TIM16_IRQHandler
                0x0000000008000f04                UART4_IRQHandler
                0x0000000008000f04                BDMA_Channel5_IRQHandler
                0x0000000008000f04                TIM3_IRQHandler
                0x0000000008000f04                RCC_IRQHandler
                0x0000000008000f04                TIM8_BRK_TIM12_IRQHandler
                0x0000000008000f04                TIM1_TRG_COM_IRQHandler
                0x0000000008000f04                Default_Handler
                0x0000000008000f04                ECC_IRQHandler
                0x0000000008000f04                CEC_IRQHandler
                0x0000000008000f04                EXTI15_10_IRQHandler
                0x0000000008000f04                BDMA_Channel0_IRQHandler
                0x0000000008000f04                ADC_IRQHandler
                0x0000000008000f04                DMA1_Stream7_IRQHandler
                0x0000000008000f04                HRTIM1_TIMA_IRQHandler
                0x0000000008000f04                SPI5_IRQHandler
                0x0000000008000f04                TIM7_IRQHandler
                0x0000000008000f04                SDMMC1_IRQHandler
                0x0000000008000f04                TIM5_IRQHandler
                0x0000000008000f04                DMA2_Stream7_IRQHandler
                0x0000000008000f04                TIM15_IRQHandler
                0x0000000008000f04                PVD_AVD_IRQHandler
                0x0000000008000f04                I2C3_EV_IRQHandler
                0x0000000008000f04                EXTI9_5_IRQHandler
                0x0000000008000f04                RTC_WKUP_IRQHandler
                0x0000000008000f04                LTDC_IRQHandler
                0x0000000008000f04                SAI3_IRQHandler
                0x0000000008000f04                ETH_WKUP_IRQHandler
                0x0000000008000f04                SPDIF_RX_IRQHandler
                0x0000000008000f04                SPI2_IRQHandler
                0x0000000008000f04                OTG_HS_EP1_IN_IRQHandler
                0x0000000008000f04                DMA1_Stream0_IRQHandler
                0x0000000008000f04                CRS_IRQHandler
                0x0000000008000f04                EXTI4_IRQHandler
                0x0000000008000f04                RNG_IRQHandler
                0x0000000008000f04                HRTIM1_TIMB_IRQHandler
                0x0000000008000f04                FDCAN2_IT1_IRQHandler
                0x0000000008000f04                ETH_IRQHandler
                0x0000000008000f04                TIM1_UP_IRQHandler
                0x0000000008000f04                BDMA_Channel4_IRQHandler
                0x0000000008000f04                OTG_HS_EP1_OUT_IRQHandler
                0x0000000008000f04                WWDG_IRQHandler
                0x0000000008000f04                SPI6_IRQHandler
                0x0000000008000f04                MDIOS_IRQHandler
                0x0000000008000f04                I2C4_EV_IRQHandler
                0x0000000008000f04                FDCAN2_IT0_IRQHandler
                0x0000000008000f04                LPUART1_IRQHandler
                0x0000000008000f04                FDCAN1_IT0_IRQHandler
                0x0000000008000f04                TIM2_IRQHandler
                0x0000000008000f04                OTG_FS_WKUP_IRQHandler
                0x0000000008000f04                OTG_HS_IRQHandler
                0x0000000008000f04                DMA2D_IRQHandler
                0x0000000008000f04                TIM1_BRK_IRQHandler
                0x0000000008000f04                EXTI1_IRQHandler
                0x0000000008000f04                SDMMC2_IRQHandler
                0x0000000008000f04                OTG_FS_EP1_OUT_IRQHandler
                0x0000000008000f04                BDMA_Channel3_IRQHandler
                0x0000000008000f04                UART7_IRQHandler
                0x0000000008000f04                MDIOS_WKUP_IRQHandler
                0x0000000008000f04                USART2_IRQHandler
                0x0000000008000f04                DFSDM1_FLT0_IRQHandler
                0x0000000008000f04                SAI4_IRQHandler
                0x0000000008000f04                I2C2_ER_IRQHandler
                0x0000000008000f04                DMA2_Stream1_IRQHandler
                0x0000000008000f04                FLASH_IRQHandler
                0x0000000008000f04                DMA2_Stream4_IRQHandler
                0x0000000008000f04                USART1_IRQHandler
                0x0000000008000f04                OTG_FS_IRQHandler
                0x0000000008000f04                SPI3_IRQHandler
                0x0000000008000f04                WAKEUP_PIN_IRQHandler
                0x0000000008000f04                DMA1_Stream4_IRQHandler
                0x0000000008000f04                OTG_FS_EP1_IN_IRQHandler
                0x0000000008000f04                I2C1_ER_IRQHandler
                0x0000000008000f04                FMC_IRQHandler
                0x0000000008000f04                FDCAN_CAL_IRQHandler
                0x0000000008000f04                SWPMI1_IRQHandler
                0x0000000008000f04                COMP1_IRQHandler
                0x0000000008000f04                LPTIM1_IRQHandler
                0x0000000008000f04                I2C4_ER_IRQHandler
                0x0000000008000f04                DMA2_Stream6_IRQHandler
                0x0000000008000f04                SAI1_IRQHandler
                0x0000000008000f04                DMA1_Stream3_IRQHandler
 *fill*         0x0000000008000f06        0x2 
 .text.HAL_Init
                0x0000000008000f08       0x5c ./Drivers/STM32H7xx_HAL_Driver/Src/stm32h7xx_hal.o
                0x0000000008000f08                HAL_Init
 .text.HAL_IncTick
                0x0000000008000f64       0x18 ./Drivers/STM32H7xx_HAL_Driver/Src/stm32h7xx_hal.o
                0x0000000008000f64                HAL_IncTick
 .text.HAL_GetTick
                0x0000000008000f7c        0xc ./Drivers/STM32H7xx_HAL_Driver/Src/stm32h7xx_hal.o
                0x0000000008000f7c                HAL_GetTick
 .text.HAL_Delay
                0x0000000008000f88       0x24 ./Drivers/STM32H7xx_HAL_Driver/Src/stm32h7xx_hal.o
                0x0000000008000f88                HAL_Delay
 .text.HAL_GetREVID
                0x0000000008000fac        0xc ./Drivers/STM32H7xx_HAL_Driver/Src/stm32h7xx_hal.o
                0x0000000008000fac                HAL_GetREVID
 .text.HAL_SYSCFG_ETHInterfaceSelect
                0x0000000008000fb8       0x14 ./Drivers/STM32H7xx_HAL_Driver/Src/stm32h7xx_hal.o
                0x0000000008000fb8                HAL_SYSCFG_ETHInterfaceSelect
 .text.HAL_NVIC_SetPriorityGrouping
                0x0000000008000fcc       0x24 ./Drivers/STM32H7xx_HAL_Driver/Src/stm32h7xx_hal_cortex.o
                0x0000000008000fcc                HAL_NVIC_SetPriorityGrouping
 .text.HAL_NVIC_SetPriority
                0x0000000008000ff0       0x64 ./Drivers/STM32H7xx_HAL_Driver/Src/stm32h7xx_hal_cortex.o
                0x0000000008000ff0                HAL_NVIC_SetPriority
 .text.HAL_NVIC_EnableIRQ
                0x0000000008001054       0x1c ./Drivers/STM32H7xx_HAL_Driver/Src/stm32h7xx_hal_cortex.o
                0x0000000008001054                HAL_NVIC_EnableIRQ
 .text.ETH_SetMACConfig
                0x0000000008001070      0x182 ./Drivers/STM32H7xx_HAL_Driver/Src/stm32h7xx_hal_eth.o
 *fill*         0x00000000080011f2        0x2 
 .text.ETH_SetDMAConfig
                0x00000000080011f4       0x8c ./Drivers/STM32H7xx_HAL_Driver/Src/stm32h7xx_hal_eth.o
 .text.HAL_ETH_SetMDIOClockRange
                0x0000000008001280       0x78 ./Drivers/STM32H7xx_HAL_Driver/Src/stm32h7xx_hal_eth.o
                0x0000000008001280                HAL_ETH_SetMDIOClockRange
 .text.HAL_ETH_Init
                0x00000000080012f8      0x21c ./Drivers/STM32H7xx_HAL_Driver/Src/stm32h7xx_hal_eth.o
                0x00000000080012f8                HAL_ETH_Init
 .text.HAL_GPIO_Init
                0x0000000008001514      0x1d4 ./Drivers/STM32H7xx_HAL_Driver/Src/stm32h7xx_hal_gpio.o
                0x0000000008001514                HAL_GPIO_Init
 .text.HAL_GPIO_WritePin
                0x00000000080016e8        0xa ./Drivers/STM32H7xx_HAL_Driver/Src/stm32h7xx_hal_gpio.o
                0x00000000080016e8                HAL_GPIO_WritePin
 .text.HAL_GPIO_TogglePin
                0x00000000080016f2       0x12 ./Drivers/STM32H7xx_HAL_Driver/Src/stm32h7xx_hal_gpio.o
                0x00000000080016f2                HAL_GPIO_TogglePin
 .text.I2C_Flush_TXDR
                0x0000000008001704       0x1c ./Drivers/STM32H7xx_HAL_Driver/Src/stm32h7xx_hal_i2c.o
 .text.I2C_TransferConfig
                0x0000000008001720       0x2c ./Drivers/STM32H7xx_HAL_Driver/Src/stm32h7xx_hal_i2c.o
 .text.I2C_IsErrorOccurred
                0x000000000800174c      0x100 ./Drivers/STM32H7xx_HAL_Driver/Src/stm32h7xx_hal_i2c.o
 .text.I2C_WaitOnTXISFlagUntilTimeout
                0x000000000800184c       0x56 ./Drivers/STM32H7xx_HAL_Driver/Src/stm32h7xx_hal_i2c.o
 .text.I2C_WaitOnFlagUntilTimeout
                0x00000000080018a2       0x66 ./Drivers/STM32H7xx_HAL_Driver/Src/stm32h7xx_hal_i2c.o
 .text.I2C_WaitOnSTOPFlagUntilTimeout
                0x0000000008001908       0x52 ./Drivers/STM32H7xx_HAL_Driver/Src/stm32h7xx_hal_i2c.o
 .text.I2C_WaitOnRXNEFlagUntilTimeout
                0x000000000800195a       0x94 ./Drivers/STM32H7xx_HAL_Driver/Src/stm32h7xx_hal_i2c.o
 .text.HAL_I2C_Init
                0x00000000080019ee       0xa2 ./Drivers/STM32H7xx_HAL_Driver/Src/stm32h7xx_hal_i2c.o
                0x00000000080019ee                HAL_I2C_Init
 .text.HAL_I2C_Master_Transmit
                0x0000000008001a90      0x12c ./Drivers/STM32H7xx_HAL_Driver/Src/stm32h7xx_hal_i2c.o
                0x0000000008001a90                HAL_I2C_Master_Transmit
 .text.HAL_I2C_Master_Receive
                0x0000000008001bbc      0x130 ./Drivers/STM32H7xx_HAL_Driver/Src/stm32h7xx_hal_i2c.o
                0x0000000008001bbc                HAL_I2C_Master_Receive
 .text.HAL_I2CEx_ConfigAnalogFilter
                0x0000000008001cec       0x4c ./Drivers/STM32H7xx_HAL_Driver/Src/stm32h7xx_hal_i2c_ex.o
                0x0000000008001cec                HAL_I2CEx_ConfigAnalogFilter
 .text.HAL_I2CEx_ConfigDigitalFilter
                0x0000000008001d38       0x4a ./Drivers/STM32H7xx_HAL_Driver/Src/stm32h7xx_hal_i2c_ex.o
                0x0000000008001d38                HAL_I2CEx_ConfigDigitalFilter
 *fill*         0x0000000008001d82        0x2 
 .text.HAL_I2CEx_EnableFastModePlus
                0x0000000008001d84       0x30 ./Drivers/STM32H7xx_HAL_Driver/Src/stm32h7xx_hal_i2c_ex.o
                0x0000000008001d84                HAL_I2CEx_EnableFastModePlus
 .text.HAL_PCD_Init
                0x0000000008001db4      0x112 ./Drivers/STM32H7xx_HAL_Driver/Src/stm32h7xx_hal_pcd.o
                0x0000000008001db4                HAL_PCD_Init
 .text.HAL_PCDEx_ActivateLPM
                0x0000000008001ec6       0x26 ./Drivers/STM32H7xx_HAL_Driver/Src/stm32h7xx_hal_pcd_ex.o
                0x0000000008001ec6                HAL_PCDEx_ActivateLPM
 .text.HAL_PWREx_ConfigSupply
                0x0000000008001eec       0x48 ./Drivers/STM32H7xx_HAL_Driver/Src/stm32h7xx_hal_pwr_ex.o
                0x0000000008001eec                HAL_PWREx_ConfigSupply
 .text.HAL_PWREx_EnableUSBVoltageDetector
                0x0000000008001f34       0x10 ./Drivers/STM32H7xx_HAL_Driver/Src/stm32h7xx_hal_pwr_ex.o
                0x0000000008001f34                HAL_PWREx_EnableUSBVoltageDetector
 .text.HAL_RCC_OscConfig
                0x0000000008001f44      0x558 ./Drivers/STM32H7xx_HAL_Driver/Src/stm32h7xx_hal_rcc.o
                0x0000000008001f44                HAL_RCC_OscConfig
 .text.HAL_RCC_GetSysClockFreq
                0x000000000800249c      0x144 ./Drivers/STM32H7xx_HAL_Driver/Src/stm32h7xx_hal_rcc.o
                0x000000000800249c                HAL_RCC_GetSysClockFreq
 .text.HAL_RCC_ClockConfig
                0x00000000080025e0      0x24c ./Drivers/STM32H7xx_HAL_Driver/Src/stm32h7xx_hal_rcc.o
                0x00000000080025e0                HAL_RCC_ClockConfig
 .text.HAL_RCC_GetHCLKFreq
                0x000000000800282c       0x44 ./Drivers/STM32H7xx_HAL_Driver/Src/stm32h7xx_hal_rcc.o
                0x000000000800282c                HAL_RCC_GetHCLKFreq
 .text.HAL_RCC_GetPCLK1Freq
                0x0000000008002870       0x24 ./Drivers/STM32H7xx_HAL_Driver/Src/stm32h7xx_hal_rcc.o
                0x0000000008002870                HAL_RCC_GetPCLK1Freq
 .text.HAL_RCC_GetPCLK2Freq
                0x0000000008002894       0x24 ./Drivers/STM32H7xx_HAL_Driver/Src/stm32h7xx_hal_rcc.o
                0x0000000008002894                HAL_RCC_GetPCLK2Freq
 .text.HAL_RCC_GetClockConfig
                0x00000000080028b8       0x54 ./Drivers/STM32H7xx_HAL_Driver/Src/stm32h7xx_hal_rcc.o
                0x00000000080028b8                HAL_RCC_GetClockConfig
 .text.RCCEx_PLL2_Config
                0x000000000800290c       0xf0 ./Drivers/STM32H7xx_HAL_Driver/Src/stm32h7xx_hal_rcc_ex.o
 .text.RCCEx_PLL3_Config
                0x00000000080029fc       0xf0 ./Drivers/STM32H7xx_HAL_Driver/Src/stm32h7xx_hal_rcc_ex.o
 .text.HAL_RCCEx_PeriphCLKConfig
                0x0000000008002aec      0xa28 ./Drivers/STM32H7xx_HAL_Driver/Src/stm32h7xx_hal_rcc_ex.o
                0x0000000008002aec                HAL_RCCEx_PeriphCLKConfig
 .text.HAL_RCCEx_GetD3PCLK1Freq
                0x0000000008003514       0x24 ./Drivers/STM32H7xx_HAL_Driver/Src/stm32h7xx_hal_rcc_ex.o
                0x0000000008003514                HAL_RCCEx_GetD3PCLK1Freq
 .text.HAL_RCCEx_GetPLL2ClockFreq
                0x0000000008003538      0x154 ./Drivers/STM32H7xx_HAL_Driver/Src/stm32h7xx_hal_rcc_ex.o
                0x0000000008003538                HAL_RCCEx_GetPLL2ClockFreq
 .text.HAL_RCCEx_GetPLL3ClockFreq
                0x000000000800368c      0x154 ./Drivers/STM32H7xx_HAL_Driver/Src/stm32h7xx_hal_rcc_ex.o
                0x000000000800368c                HAL_RCCEx_GetPLL3ClockFreq
 .text.HAL_TIM_Base_MspInit
                0x00000000080037e0        0x2 ./Drivers/STM32H7xx_HAL_Driver/Src/stm32h7xx_hal_tim.o
                0x00000000080037e0                HAL_TIM_Base_MspInit
 *fill*         0x00000000080037e2        0x2 
 .text.HAL_TIM_Base_Start_IT
                0x00000000080037e4       0x7c ./Drivers/STM32H7xx_HAL_Driver/Src/stm32h7xx_hal_tim.o
                0x00000000080037e4                HAL_TIM_Base_Start_IT
 .text.HAL_TIM_OC_DelayElapsedCallback
                0x0000000008003860        0x2 ./Drivers/STM32H7xx_HAL_Driver/Src/stm32h7xx_hal_tim.o
                0x0000000008003860                HAL_TIM_OC_DelayElapsedCallback
 .text.HAL_TIM_IC_CaptureCallback
                0x0000000008003862        0x2 ./Drivers/STM32H7xx_HAL_Driver/Src/stm32h7xx_hal_tim.o
                0x0000000008003862                HAL_TIM_IC_CaptureCallback
 .text.HAL_TIM_PWM_PulseFinishedCallback
                0x0000000008003864        0x2 ./Drivers/STM32H7xx_HAL_Driver/Src/stm32h7xx_hal_tim.o
                0x0000000008003864                HAL_TIM_PWM_PulseFinishedCallback
 .text.HAL_TIM_TriggerCallback
                0x0000000008003866        0x2 ./Drivers/STM32H7xx_HAL_Driver/Src/stm32h7xx_hal_tim.o
                0x0000000008003866                HAL_TIM_TriggerCallback
 .text.HAL_TIM_IRQHandler
                0x0000000008003868      0x160 ./Drivers/STM32H7xx_HAL_Driver/Src/stm32h7xx_hal_tim.o
                0x0000000008003868                HAL_TIM_IRQHandler
 .text.TIM_Base_SetConfig
                0x00000000080039c8       0xcc ./Drivers/STM32H7xx_HAL_Driver/Src/stm32h7xx_hal_tim.o
                0x00000000080039c8                TIM_Base_SetConfig
 .text.HAL_TIM_Base_Init
                0x0000000008003a94       0x60 ./Drivers/STM32H7xx_HAL_Driver/Src/stm32h7xx_hal_tim.o
                0x0000000008003a94                HAL_TIM_Base_Init
 .text.HAL_TIMEx_CommutCallback
                0x0000000008003af4        0x2 ./Drivers/STM32H7xx_HAL_Driver/Src/stm32h7xx_hal_tim_ex.o
                0x0000000008003af4                HAL_TIMEx_CommutCallback
 .text.HAL_TIMEx_BreakCallback
                0x0000000008003af6        0x2 ./Drivers/STM32H7xx_HAL_Driver/Src/stm32h7xx_hal_tim_ex.o
                0x0000000008003af6                HAL_TIMEx_BreakCallback
 .text.HAL_TIMEx_Break2Callback
                0x0000000008003af8        0x2 ./Drivers/STM32H7xx_HAL_Driver/Src/stm32h7xx_hal_tim_ex.o
                0x0000000008003af8                HAL_TIMEx_Break2Callback
 *fill*         0x0000000008003afa        0x2 
 .text.UART_EndRxTransfer
                0x0000000008003afc       0x58 ./Drivers/STM32H7xx_HAL_Driver/Src/stm32h7xx_hal_uart.o
 .text.UART_SetConfig
                0x0000000008003b54      0x38c ./Drivers/STM32H7xx_HAL_Driver/Src/stm32h7xx_hal_uart.o
                0x0000000008003b54                UART_SetConfig
 .text.UART_AdvFeatureConfig
                0x0000000008003ee0       0xaa ./Drivers/STM32H7xx_HAL_Driver/Src/stm32h7xx_hal_uart.o
                0x0000000008003ee0                UART_AdvFeatureConfig
 .text.UART_WaitOnFlagUntilTimeout
                0x0000000008003f8a       0x88 ./Drivers/STM32H7xx_HAL_Driver/Src/stm32h7xx_hal_uart.o
                0x0000000008003f8a                UART_WaitOnFlagUntilTimeout
 .text.UART_CheckIdleState
                0x0000000008004012       0xb8 ./Drivers/STM32H7xx_HAL_Driver/Src/stm32h7xx_hal_uart.o
                0x0000000008004012                UART_CheckIdleState
 .text.HAL_UART_Init
                0x00000000080040ca       0x60 ./Drivers/STM32H7xx_HAL_Driver/Src/stm32h7xx_hal_uart.o
                0x00000000080040ca                HAL_UART_Init
 *fill*         0x000000000800412a        0x2 
 .text.UARTEx_SetNbDataToProcess
                0x000000000800412c       0x44 ./Drivers/STM32H7xx_HAL_Driver/Src/stm32h7xx_hal_uart_ex.o
 .text.HAL_UARTEx_DisableFifoMode
                0x0000000008004170       0x36 ./Drivers/STM32H7xx_HAL_Driver/Src/stm32h7xx_hal_uart_ex.o
                0x0000000008004170                HAL_UARTEx_DisableFifoMode
 .text.HAL_UARTEx_SetTxFifoThreshold
                0x00000000080041a6       0x40 ./Drivers/STM32H7xx_HAL_Driver/Src/stm32h7xx_hal_uart_ex.o
                0x00000000080041a6                HAL_UARTEx_SetTxFifoThreshold
 .text.HAL_UARTEx_SetRxFifoThreshold
                0x00000000080041e6       0x40 ./Drivers/STM32H7xx_HAL_Driver/Src/stm32h7xx_hal_uart_ex.o
                0x00000000080041e6                HAL_UARTEx_SetRxFifoThreshold
 *fill*         0x0000000008004226        0x2 
 .text.USB_CoreReset
                0x0000000008004228       0x4c ./Drivers/STM32H7xx_HAL_Driver/Src/stm32h7xx_ll_usb.o
 .text.USB_CoreInit
                0x0000000008004274       0x94 ./Drivers/STM32H7xx_HAL_Driver/Src/stm32h7xx_ll_usb.o
                0x0000000008004274                USB_CoreInit
 .text.USB_DisableGlobalInt
                0x0000000008004308        0xc ./Drivers/STM32H7xx_HAL_Driver/Src/stm32h7xx_ll_usb.o
                0x0000000008004308                USB_DisableGlobalInt
 .text.USB_SetCurrentMode
                0x0000000008004314       0x5c ./Drivers/STM32H7xx_HAL_Driver/Src/stm32h7xx_ll_usb.o
                0x0000000008004314                USB_SetCurrentMode
 .text.USB_FlushTxFifo
                0x0000000008004370       0x4c ./Drivers/STM32H7xx_HAL_Driver/Src/stm32h7xx_ll_usb.o
                0x0000000008004370                USB_FlushTxFifo
 .text.USB_FlushRxFifo
                0x00000000080043bc       0x48 ./Drivers/STM32H7xx_HAL_Driver/Src/stm32h7xx_ll_usb.o
                0x00000000080043bc                USB_FlushRxFifo
 .text.USB_SetDevSpeed
                0x0000000008004404        0xe ./Drivers/STM32H7xx_HAL_Driver/Src/stm32h7xx_ll_usb.o
                0x0000000008004404                USB_SetDevSpeed
 *fill*         0x0000000008004412        0x2 
 .text.USB_DevInit
                0x0000000008004414      0x16c ./Drivers/STM32H7xx_HAL_Driver/Src/stm32h7xx_ll_usb.o
                0x0000000008004414                USB_DevInit
 .text.USB_DevDisconnect
                0x0000000008004580       0x1c ./Drivers/STM32H7xx_HAL_Driver/Src/stm32h7xx_ll_usb.o
                0x0000000008004580                USB_DevDisconnect
 .text.SysTick_Handler
                0x000000000800459c       0x1a ./Middlewares/Third_Party/FreeRTOS/Source/CMSIS_RTOS_V2/cmsis_os2.o
                0x000000000800459c                SysTick_Handler
 *fill*         0x00000000080045b6        0x2 
 .text.osKernelInitialize
                0x00000000080045b8       0x24 ./Middlewares/Third_Party/FreeRTOS/Source/CMSIS_RTOS_V2/cmsis_os2.o
                0x00000000080045b8                osKernelInitialize
 .text.osKernelStart
                0x00000000080045dc       0x34 ./Middlewares/Third_Party/FreeRTOS/Source/CMSIS_RTOS_V2/cmsis_os2.o
                0x00000000080045dc                osKernelStart
 .text.osThreadNew
                0x0000000008004610       0x8e ./Middlewares/Third_Party/FreeRTOS/Source/CMSIS_RTOS_V2/cmsis_os2.o
                0x0000000008004610                osThreadNew
 .text.osDelay  0x000000000800469e       0x18 ./Middlewares/Third_Party/FreeRTOS/Source/CMSIS_RTOS_V2/cmsis_os2.o
                0x000000000800469e                osDelay
 *fill*         0x00000000080046b6        0x2 
 .text.vApplicationGetIdleTaskMemory
                0x00000000080046b8       0x18 ./Middlewares/Third_Party/FreeRTOS/Source/CMSIS_RTOS_V2/cmsis_os2.o
                0x00000000080046b8                vApplicationGetIdleTaskMemory
 .text.vApplicationGetTimerTaskMemory
                0x00000000080046d0       0x18 ./Middlewares/Third_Party/FreeRTOS/Source/CMSIS_RTOS_V2/cmsis_os2.o
                0x00000000080046d0                vApplicationGetTimerTaskMemory
 .text.vListInitialise
                0x00000000080046e8       0x16 ./Middlewares/Third_Party/FreeRTOS/Source/list.o
                0x00000000080046e8                vListInitialise
 .text.vListInitialiseItem
                0x00000000080046fe        0x6 ./Middlewares/Third_Party/FreeRTOS/Source/list.o
                0x00000000080046fe                vListInitialiseItem
 .text.vListInsertEnd
                0x0000000008004704       0x18 ./Middlewares/Third_Party/FreeRTOS/Source/list.o
                0x0000000008004704                vListInsertEnd
 .text.vListInsert
                0x000000000800471c       0x2e ./Middlewares/Third_Party/FreeRTOS/Source/list.o
                0x000000000800471c                vListInsert
 .text.uxListRemove
                0x000000000800474a       0x20 ./Middlewares/Third_Party/FreeRTOS/Source/list.o
                0x000000000800474a                uxListRemove
 .text.prvIsQueueEmpty
                0x000000000800476a       0x16 ./Middlewares/Third_Party/FreeRTOS/Source/queue.o
 .text.prvCopyDataToQueue
                0x0000000008004780       0x6a ./Middlewares/Third_Party/FreeRTOS/Source/queue.o
 .text.prvCopyDataFromQueue
                0x00000000080047ea       0x2a ./Middlewares/Third_Party/FreeRTOS/Source/queue.o
 .text.prvUnlockQueue
                0x0000000008004814       0x70 ./Middlewares/Third_Party/FreeRTOS/Source/queue.o
 .text.xQueueGenericReset
                0x0000000008004884       0x7e ./Middlewares/Third_Party/FreeRTOS/Source/queue.o
                0x0000000008004884                xQueueGenericReset
 .text.xQueueGenericCreateStatic
                0x0000000008004902       0x9c ./Middlewares/Third_Party/FreeRTOS/Source/queue.o
                0x0000000008004902                xQueueGenericCreateStatic
 .text.xQueueGenericSend
                0x000000000800499e      0x166 ./Middlewares/Third_Party/FreeRTOS/Source/queue.o
                0x000000000800499e                xQueueGenericSend
 .text.xQueueGenericSendFromISR
                0x0000000008004b04       0xc4 ./Middlewares/Third_Party/FreeRTOS/Source/queue.o
                0x0000000008004b04                xQueueGenericSendFromISR
 .text.xQueueReceive
                0x0000000008004bc8      0x13e ./Middlewares/Third_Party/FreeRTOS/Source/queue.o
                0x0000000008004bc8                xQueueReceive
 *fill*         0x0000000008004d06        0x2 
 .text.vQueueAddToRegistry
                0x0000000008004d08       0x24 ./Middlewares/Third_Party/FreeRTOS/Source/queue.o
                0x0000000008004d08                vQueueAddToRegistry
 .text.vQueueWaitForMessageRestricted
                0x0000000008004d2c       0x46 ./Middlewares/Third_Party/FreeRTOS/Source/queue.o
                0x0000000008004d2c                vQueueWaitForMessageRestricted
 *fill*         0x0000000008004d72        0x2 
 .text.prvAddNewTaskToReadyList
                0x0000000008004d74       0xfc ./Middlewares/Third_Party/FreeRTOS/Source/tasks.o
 .text.prvAddCurrentTaskToDelayedList
                0x0000000008004e70       0x70 ./Middlewares/Third_Party/FreeRTOS/Source/tasks.o
 .text.prvResetNextTaskUnblockTime
                0x0000000008004ee0       0x24 ./Middlewares/Third_Party/FreeRTOS/Source/tasks.o
 .text.prvDeleteTCB
                0x0000000008004f04       0x36 ./Middlewares/Third_Party/FreeRTOS/Source/tasks.o
 *fill*         0x0000000008004f3a        0x2 
 .text.prvIdleTask
                0x0000000008004f3c       0x60 ./Middlewares/Third_Party/FreeRTOS/Source/tasks.o
 .text.prvInitialiseNewTask.constprop.0
                0x0000000008004f9c       0x9a ./Middlewares/Third_Party/FreeRTOS/Source/tasks.o
 .text.xTaskCreateStatic
                0x0000000008005036       0x70 ./Middlewares/Third_Party/FreeRTOS/Source/tasks.o
                0x0000000008005036                xTaskCreateStatic
 .text.xTaskCreate
                0x00000000080050a6       0x5a ./Middlewares/Third_Party/FreeRTOS/Source/tasks.o
                0x00000000080050a6                xTaskCreate
 .text.vTaskStartScheduler
                0x0000000008005100       0x8c ./Middlewares/Third_Party/FreeRTOS/Source/tasks.o
                0x0000000008005100                vTaskStartScheduler
 .text.vTaskSuspendAll
                0x000000000800518c       0x10 ./Middlewares/Third_Party/FreeRTOS/Source/tasks.o
                0x000000000800518c                vTaskSuspendAll
 .text.xTaskGetTickCount
                0x000000000800519c        0xc ./Middlewares/Third_Party/FreeRTOS/Source/tasks.o
                0x000000000800519c                xTaskGetTickCount
 .text.xTaskIncrementTick
                0x00000000080051a8      0x12c ./Middlewares/Third_Party/FreeRTOS/Source/tasks.o
                0x00000000080051a8                xTaskIncrementTick
 .text.xTaskResumeAll
                0x00000000080052d4       0xe8 ./Middlewares/Third_Party/FreeRTOS/Source/tasks.o
                0x00000000080052d4                xTaskResumeAll
 .text.vTaskDelay
                0x00000000080053bc       0x48 ./Middlewares/Third_Party/FreeRTOS/Source/tasks.o
                0x00000000080053bc                vTaskDelay
 .text.vTaskSwitchContext
                0x0000000008005404       0x74 ./Middlewares/Third_Party/FreeRTOS/Source/tasks.o
                0x0000000008005404                vTaskSwitchContext
 .text.vTaskPlaceOnEventList
                0x0000000008005478       0x34 ./Middlewares/Third_Party/FreeRTOS/Source/tasks.o
                0x0000000008005478                vTaskPlaceOnEventList
 .text.vTaskPlaceOnEventListRestricted
                0x00000000080054ac       0x3c ./Middlewares/Third_Party/FreeRTOS/Source/tasks.o
                0x00000000080054ac                vTaskPlaceOnEventListRestricted
 .text.xTaskRemoveFromEventList
                0x00000000080054e8       0x88 ./Middlewares/Third_Party/FreeRTOS/Source/tasks.o
                0x00000000080054e8                xTaskRemoveFromEventList
 .text.vTaskInternalSetTimeOutState
                0x0000000008005570       0x18 ./Middlewares/Third_Party/FreeRTOS/Source/tasks.o
                0x0000000008005570                vTaskInternalSetTimeOutState
 .text.xTaskCheckForTimeOut
                0x0000000008005588       0x78 ./Middlewares/Third_Party/FreeRTOS/Source/tasks.o
                0x0000000008005588                xTaskCheckForTimeOut
 .text.vTaskMissedYield
                0x0000000008005600        0xc ./Middlewares/Third_Party/FreeRTOS/Source/tasks.o
                0x0000000008005600                vTaskMissedYield
 .text.xTaskGetSchedulerState
                0x000000000800560c       0x20 ./Middlewares/Third_Party/FreeRTOS/Source/tasks.o
                0x000000000800560c                xTaskGetSchedulerState
 .text.xTaskPriorityDisinherit
                0x000000000800562c       0x88 ./Middlewares/Third_Party/FreeRTOS/Source/tasks.o
                0x000000000800562c                xTaskPriorityDisinherit
 .text.prvCheckForValidListAndQueue
                0x00000000080056b4       0x68 ./Middlewares/Third_Party/FreeRTOS/Source/timers.o
 .text.prvInsertTimerInActiveList
                0x000000000800571c       0x3c ./Middlewares/Third_Party/FreeRTOS/Source/timers.o
 .text.xTimerCreateTimerTask
                0x0000000008005758       0x64 ./Middlewares/Third_Party/FreeRTOS/Source/timers.o
                0x0000000008005758                xTimerCreateTimerTask
 .text.xTimerGenericCommand
                0x00000000080057bc       0x54 ./Middlewares/Third_Party/FreeRTOS/Source/timers.o
                0x00000000080057bc                xTimerGenericCommand
 .text.prvSampleTimeNow
                0x0000000008005810       0xac ./Middlewares/Third_Party/FreeRTOS/Source/timers.o
 .text.prvTimerTask
                0x00000000080058bc      0x1cc ./Middlewares/Third_Party/FreeRTOS/Source/timers.o
 .text.prvPortStartFirstTask
                0x0000000008005a88       0x28 ./Middlewares/Third_Party/FreeRTOS/Source/portable/GCC/ARM_CM4F/port.o
 .text.vPortEnableVFP
                0x0000000008005ab0       0x14 ./Middlewares/Third_Party/FreeRTOS/Source/portable/GCC/ARM_CM4F/port.o
 .text.prvTaskExitError
                0x0000000008005ac4       0x40 ./Middlewares/Third_Party/FreeRTOS/Source/portable/GCC/ARM_CM4F/port.o
 .text.pxPortInitialiseStack
                0x0000000008005b04       0x24 ./Middlewares/Third_Party/FreeRTOS/Source/portable/GCC/ARM_CM4F/port.o
                0x0000000008005b04                pxPortInitialiseStack
 *fill*         0x0000000008005b28        0x8 
 .text.SVC_Handler
                0x0000000008005b30       0x24 ./Middlewares/Third_Party/FreeRTOS/Source/portable/GCC/ARM_CM4F/port.o
                0x0000000008005b30                SVC_Handler
 .text.vPortEnterCritical
                0x0000000008005b54       0x40 ./Middlewares/Third_Party/FreeRTOS/Source/portable/GCC/ARM_CM4F/port.o
                0x0000000008005b54                vPortEnterCritical
 .text.vPortExitCritical
                0x0000000008005b94       0x28 ./Middlewares/Third_Party/FreeRTOS/Source/portable/GCC/ARM_CM4F/port.o
                0x0000000008005b94                vPortExitCritical
 *fill*         0x0000000008005bbc        0x4 
 .text.PendSV_Handler
                0x0000000008005bc0       0x64 ./Middlewares/Third_Party/FreeRTOS/Source/portable/GCC/ARM_CM4F/port.o
                0x0000000008005bc0                PendSV_Handler
 .text.xPortSysTickHandler
                0x0000000008005c24       0x2c ./Middlewares/Third_Party/FreeRTOS/Source/portable/GCC/ARM_CM4F/port.o
                0x0000000008005c24                xPortSysTickHandler
 .text.vPortSetupTimerInterrupt
                0x0000000008005c50       0x24 ./Middlewares/Third_Party/FreeRTOS/Source/portable/GCC/ARM_CM4F/port.o
                0x0000000008005c50                vPortSetupTimerInterrupt
 .text.xPortStartScheduler
                0x0000000008005c74      0x10c ./Middlewares/Third_Party/FreeRTOS/Source/portable/GCC/ARM_CM4F/port.o
                0x0000000008005c74                xPortStartScheduler
 .text.vPortValidateInterruptPriority
                0x0000000008005d80       0x5c ./Middlewares/Third_Party/FreeRTOS/Source/portable/GCC/ARM_CM4F/port.o
                0x0000000008005d80                vPortValidateInterruptPriority
 .text.prvInsertBlockIntoFreeList
                0x0000000008005ddc       0x4c ./Middlewares/Third_Party/FreeRTOS/Source/portable/MemMang/heap_4.o
 .text.pvPortMalloc
                0x0000000008005e28      0x130 ./Middlewares/Third_Party/FreeRTOS/Source/portable/MemMang/heap_4.o
                0x0000000008005e28                pvPortMalloc
 .text.vPortFree
                0x0000000008005f58       0x7c ./Middlewares/Third_Party/FreeRTOS/Source/portable/MemMang/heap_4.o
                0x0000000008005f58                vPortFree
 .text.null_ptr_check
                0x0000000008005fd4       0x1c ./Peripherals/BMI160/src/bmi160.o
 .text.bmi160_get_regs
                0x0000000008005ff0       0x32 ./Peripherals/BMI160/src/bmi160.o
                0x0000000008005ff0                bmi160_get_regs
 .text.get_foc_status
                0x0000000008006022       0x22 ./Peripherals/BMI160/src/bmi160.o
 .text.bmi160_set_regs
                0x0000000008006044       0x88 ./Peripherals/BMI160/src/bmi160.o
                0x0000000008006044                bmi160_set_regs
 .text.map_feature_interrupt
                0x00000000080060cc       0x90 ./Peripherals/BMI160/src/bmi160.o
 .text.map_hardware_interrupt
                0x000000000800615c       0x6c ./Peripherals/BMI160/src/bmi160.o
 .text.set_intr_pin_config
                0x00000000080061c8       0xea ./Peripherals/BMI160/src/bmi160.o
 *fill*         0x00000000080062b2        0x2 
 .text.bmi160_soft_reset
                0x00000000080062b4       0x64 ./Peripherals/BMI160/src/bmi160.o
                0x00000000080062b4                bmi160_soft_reset
 .text.bmi160_init
                0x0000000008006318       0x6c ./Peripherals/BMI160/src/bmi160.o
                0x0000000008006318                bmi160_init
 .text.bmi160_set_power_mode
                0x0000000008006384      0x102 ./Peripherals/BMI160/src/bmi160.o
                0x0000000008006384                bmi160_set_power_mode
 .text.bmi160_set_sens_conf
                0x0000000008006486      0x198 ./Peripherals/BMI160/src/bmi160.o
                0x0000000008006486                bmi160_set_sens_conf
 .text.bmi160_get_sensor_data
                0x000000000800661e      0x13e ./Peripherals/BMI160/src/bmi160.o
                0x000000000800661e                bmi160_get_sensor_data
 .text.bmi160_set_int_config
                0x000000000800675c      0x9bc ./Peripherals/BMI160/src/bmi160.o
                0x000000000800675c                bmi160_set_int_config
 .text.bmi160_get_offsets
                0x0000000008007118       0x84 ./Peripherals/BMI160/src/bmi160.o
                0x0000000008007118                bmi160_get_offsets
 .text.bmi160_start_foc
                0x000000000800719c      0x12a ./Peripherals/BMI160/src/bmi160.o
                0x000000000800719c                bmi160_start_foc
 *fill*         0x00000000080072c6        0x2 
 .text.start_foc
                0x00000000080072c8       0x3c ./Peripherals/BMI160/src/bmi160_wrapper.o
                0x00000000080072c8                start_foc
 .text.bmi160ReadAccelGyro
                0x0000000008007304       0xb8 ./Peripherals/BMI160/src/bmi160_wrapper.o
                0x0000000008007304                bmi160ReadAccelGyro
 .text.set_bmi160_Ares
                0x00000000080073bc       0x34 ./Peripherals/BMI160/src/bmi160_wrapper.o
                0x00000000080073bc                set_bmi160_Ares
 .text.set_bmi160_Gres
                0x00000000080073f0       0x3c ./Peripherals/BMI160/src/bmi160_wrapper.o
                0x00000000080073f0                set_bmi160_Gres
 .text.get_bmi160_Ares
                0x000000000800742c       0x44 ./Peripherals/BMI160/src/bmi160_wrapper.o
                0x000000000800742c                get_bmi160_Ares
 .text.get_bmi160_Gres
                0x0000000008007470       0x5c ./Peripherals/BMI160/src/bmi160_wrapper.o
                0x0000000008007470                get_bmi160_Gres
 .text.BMI160_init
                0x00000000080074cc       0xec ./Peripherals/BMI160/src/bmi160_wrapper.o
                0x00000000080074cc                BMI160_init
 .text.SensorAPI_I2Cx_Read
                0x00000000080075b8       0x38 ./Peripherals/BMI160/src/common_porting.o
                0x00000000080075b8                SensorAPI_I2Cx_Read
 .text.SensorAPI_I2Cx_Write
                0x00000000080075f0       0x38 ./Peripherals/BMI160/src/common_porting.o
                0x00000000080075f0                SensorAPI_I2Cx_Write
 .text.memset   0x0000000008007628       0x10 C:/ST/STM32CubeIDE_1.13.2/STM32CubeIDE/plugins/com.st.stm32cube.ide.mcu.externaltools.gnu-tools-for-stm32.11.3.rel1.win32_1.1.1.202309131626/tools/bin/../lib/gcc/arm-none-eabi/11.3.1/../../../../arm-none-eabi/lib/thumb/v7e-m+dp/hard\libc_nano.a(libc_a-memset.o)
                0x0000000008007628                memset
 .text.__libc_init_array
                0x0000000008007638       0x48 C:/ST/STM32CubeIDE_1.13.2/STM32CubeIDE/plugins/com.st.stm32cube.ide.mcu.externaltools.gnu-tools-for-stm32.11.3.rel1.win32_1.1.1.202309131626/tools/bin/../lib/gcc/arm-none-eabi/11.3.1/../../../../arm-none-eabi/lib/thumb/v7e-m+dp/hard\libc_nano.a(libc_a-init.o)
                0x0000000008007638                __libc_init_array
 .text.memcpy   0x0000000008007680       0x1c C:/ST/STM32CubeIDE_1.13.2/STM32CubeIDE/plugins/com.st.stm32cube.ide.mcu.externaltools.gnu-tools-for-stm32.11.3.rel1.win32_1.1.1.202309131626/tools/bin/../lib/gcc/arm-none-eabi/11.3.1/../../../../arm-none-eabi/lib/thumb/v7e-m+dp/hard\libc_nano.a(libc_a-memcpy-stub.o)
                0x0000000008007680                memcpy
 *(.glue_7)
 .glue_7        0x000000000800769c        0x0 linker stubs
 *(.glue_7t)
 .glue_7t       0x000000000800769c        0x0 linker stubs
 *(.eh_frame)
 .eh_frame      0x000000000800769c        0x0 C:/ST/STM32CubeIDE_1.13.2/STM32CubeIDE/plugins/com.st.stm32cube.ide.mcu.externaltools.gnu-tools-for-stm32.11.3.rel1.win32_1.1.1.202309131626/tools/bin/../lib/gcc/arm-none-eabi/11.3.1/thumb/v7e-m+dp/hard/crtbegin.o
 *(.init)
 .init          0x000000000800769c        0x4 C:/ST/STM32CubeIDE_1.13.2/STM32CubeIDE/plugins/com.st.stm32cube.ide.mcu.externaltools.gnu-tools-for-stm32.11.3.rel1.win32_1.1.1.202309131626/tools/bin/../lib/gcc/arm-none-eabi/11.3.1/thumb/v7e-m+dp/hard/crti.o
                0x000000000800769c                _init
 .init          0x00000000080076a0        0x8 C:/ST/STM32CubeIDE_1.13.2/STM32CubeIDE/plugins/com.st.stm32cube.ide.mcu.externaltools.gnu-tools-for-stm32.11.3.rel1.win32_1.1.1.202309131626/tools/bin/../lib/gcc/arm-none-eabi/11.3.1/thumb/v7e-m+dp/hard/crtn.o
 *(.fini)
 .fini          0x00000000080076a8        0x4 C:/ST/STM32CubeIDE_1.13.2/STM32CubeIDE/plugins/com.st.stm32cube.ide.mcu.externaltools.gnu-tools-for-stm32.11.3.rel1.win32_1.1.1.202309131626/tools/bin/../lib/gcc/arm-none-eabi/11.3.1/thumb/v7e-m+dp/hard/crti.o
                0x00000000080076a8                _fini
 .fini          0x00000000080076ac        0x8 C:/ST/STM32CubeIDE_1.13.2/STM32CubeIDE/plugins/com.st.stm32cube.ide.mcu.externaltools.gnu-tools-for-stm32.11.3.rel1.win32_1.1.1.202309131626/tools/bin/../lib/gcc/arm-none-eabi/11.3.1/thumb/v7e-m+dp/hard/crtn.o
                0x00000000080076b4                . = ALIGN (0x4)
                0x00000000080076b4                _etext = .

.vfp11_veneer   0x00000000080076b4        0x0
 .vfp11_veneer  0x00000000080076b4        0x0 linker stubs

.v4_bx          0x00000000080076b4        0x0
 .v4_bx         0x00000000080076b4        0x0 linker stubs

.iplt           0x00000000080076b4        0x0
 .iplt          0x00000000080076b4        0x0 C:/ST/STM32CubeIDE_1.13.2/STM32CubeIDE/plugins/com.st.stm32cube.ide.mcu.externaltools.gnu-tools-for-stm32.11.3.rel1.win32_1.1.1.202309131626/tools/bin/../lib/gcc/arm-none-eabi/11.3.1/thumb/v7e-m+dp/hard/crtbegin.o

.rodata         0x00000000080076b4       0xf4
                0x00000000080076b4                . = ALIGN (0x4)
 *(.rodata)
 .rodata        0x00000000080076b4        0x3 ./Peripherals/BMI160/src/bmi160.o
 *(.rodata*)
 .rodata.str1.1
                0x00000000080076b7       0x18 ./Core/Src/freertos.o
 *fill*         0x00000000080076cf        0x1 
 .rodata.AccMeassure_attributes
                0x00000000080076d0       0x24 ./Core/Src/freertos.o
                0x00000000080076d0                AccMeassure_attributes
 .rodata.defaultTask_attributes
                0x00000000080076f4       0x24 ./Core/Src/freertos.o
                0x00000000080076f4                defaultTask_attributes
 .rodata.D1CorePrescTable
                0x0000000008007718       0x10 ./Core/Src/system_stm32h7xx.o
                0x0000000008007718                D1CorePrescTable
 .rodata.CSWTCH.61
                0x0000000008007728       0x29 ./Drivers/STM32H7xx_HAL_Driver/Src/stm32h7xx_hal_uart.o
 .rodata.CSWTCH.62
                0x0000000008007751        0x6 ./Drivers/STM32H7xx_HAL_Driver/Src/stm32h7xx_hal_uart.o
 .rodata.CSWTCH.69
                0x0000000008007757        0x6 ./Drivers/STM32H7xx_HAL_Driver/Src/stm32h7xx_hal_uart.o
 *fill*         0x000000000800775d        0x1 
 .rodata.UARTPrescTable
                0x000000000800775e       0x18 ./Drivers/STM32H7xx_HAL_Driver/Src/stm32h7xx_hal_uart.o
                0x000000000800775e                UARTPrescTable
 .rodata.denominator.0
                0x0000000008007776        0x8 ./Drivers/STM32H7xx_HAL_Driver/Src/stm32h7xx_hal_uart_ex.o
 .rodata.numerator.1
                0x000000000800777e        0x8 ./Drivers/STM32H7xx_HAL_Driver/Src/stm32h7xx_hal_uart_ex.o
 .rodata.vTaskStartScheduler.str1.1
                0x0000000008007786        0x5 ./Middlewares/Third_Party/FreeRTOS/Source/tasks.o
 .rodata.prvCheckForValidListAndQueue.str1.1
                0x000000000800778b        0x5 ./Middlewares/Third_Party/FreeRTOS/Source/timers.o
 .rodata.xTimerCreateTimerTask.str1.1
                0x0000000008007790        0x8 ./Middlewares/Third_Party/FreeRTOS/Source/timers.o
 .rodata.int_mask_lookup_table
                0x0000000008007798        0xd ./Peripherals/BMI160/src/bmi160.o
                0x0000000008007798                int_mask_lookup_table
                0x00000000080077a8                . = ALIGN (0x4)
 *fill*         0x00000000080077a5        0x3 

.ARM.extab
 *(.ARM.extab* .gnu.linkonce.armextab.*)

.ARM            0x00000000080077a8        0x8
                0x00000000080077a8                __exidx_start = .
 *(.ARM.exidx*)
 .ARM.exidx     0x00000000080077a8        0x8 C:/ST/STM32CubeIDE_1.13.2/STM32CubeIDE/plugins/com.st.stm32cube.ide.mcu.externaltools.gnu-tools-for-stm32.11.3.rel1.win32_1.1.1.202309131626/tools/bin/../lib/gcc/arm-none-eabi/11.3.1/thumb/v7e-m+dp/hard\libgcc.a(_udivmoddi4.o)
                0x00000000080077b0                __exidx_end = .

.rel.dyn        0x00000000080077b0        0x0
 .rel.iplt      0x00000000080077b0        0x0 C:/ST/STM32CubeIDE_1.13.2/STM32CubeIDE/plugins/com.st.stm32cube.ide.mcu.externaltools.gnu-tools-for-stm32.11.3.rel1.win32_1.1.1.202309131626/tools/bin/../lib/gcc/arm-none-eabi/11.3.1/thumb/v7e-m+dp/hard/crtbegin.o

.preinit_array  0x00000000080077b0        0x0
                0x00000000080077b0                PROVIDE (__preinit_array_start = .)
 *(.preinit_array*)
                0x00000000080077b0                PROVIDE (__preinit_array_end = .)

.init_array     0x00000000080077b0        0x4
                0x00000000080077b0                PROVIDE (__init_array_start = .)
 *(SORT_BY_NAME(.init_array.*))
 *(.init_array*)
 .init_array    0x00000000080077b0        0x4 C:/ST/STM32CubeIDE_1.13.2/STM32CubeIDE/plugins/com.st.stm32cube.ide.mcu.externaltools.gnu-tools-for-stm32.11.3.rel1.win32_1.1.1.202309131626/tools/bin/../lib/gcc/arm-none-eabi/11.3.1/thumb/v7e-m+dp/hard/crtbegin.o
                0x00000000080077b4                PROVIDE (__init_array_end = .)

.fini_array     0x00000000080077b4        0x4
                [!provide]                        PROVIDE (__fini_array_start = .)
 *(SORT_BY_NAME(.fini_array.*))
 *(.fini_array*)
 .fini_array    0x00000000080077b4        0x4 C:/ST/STM32CubeIDE_1.13.2/STM32CubeIDE/plugins/com.st.stm32cube.ide.mcu.externaltools.gnu-tools-for-stm32.11.3.rel1.win32_1.1.1.202309131626/tools/bin/../lib/gcc/arm-none-eabi/11.3.1/thumb/v7e-m+dp/hard/crtbegin.o
                [!provide]                        PROVIDE (__fini_array_end = .)
                0x00000000080077b8                _sidata = LOADADDR (.data)

.data           0x0000000024000000       0x18 load address 0x00000000080077b8
                0x0000000024000000                . = ALIGN (0x4)
                0x0000000024000000                _sdata = .
 *(.data)
 *(.data*)
 .data.SystemCoreClock
                0x0000000024000000        0x4 ./Core/Src/system_stm32h7xx.o
                0x0000000024000000                SystemCoreClock
 .data.SystemD2Clock
                0x0000000024000004        0x4 ./Core/Src/system_stm32h7xx.o
                0x0000000024000004                SystemD2Clock
 .data.uwTickFreq
                0x0000000024000008        0x1 ./Drivers/STM32H7xx_HAL_Driver/Src/stm32h7xx_hal.o
                0x0000000024000008                uwTickFreq
 *fill*         0x0000000024000009        0x3 
 .data.uwTickPrio
                0x000000002400000c        0x4 ./Drivers/STM32H7xx_HAL_Driver/Src/stm32h7xx_hal.o
                0x000000002400000c                uwTickPrio
 .data.uxCriticalNesting
                0x0000000024000010        0x4 ./Middlewares/Third_Party/FreeRTOS/Source/portable/GCC/ARM_CM4F/port.o
 .data.BMI160_Ascale
                0x0000000024000014        0x1 ./Peripherals/BMI160/src/bmi160_wrapper.o
                0x0000000024000014                BMI160_Ascale
 .data.BMI160_Asens
                0x0000000024000015        0x1 ./Peripherals/BMI160/src/bmi160_wrapper.o
                0x0000000024000015                BMI160_Asens
 .data.BMI160_Gscale
                0x0000000024000016        0x1 ./Peripherals/BMI160/src/bmi160_wrapper.o
                0x0000000024000016                BMI160_Gscale
 .data.BMI160_Gsens
                0x0000000024000017        0x1 ./Peripherals/BMI160/src/bmi160_wrapper.o
                0x0000000024000017                BMI160_Gsens
 *(.RamFunc)
 *(.RamFunc*)
                0x0000000024000018                . = ALIGN (0x4)
                0x0000000024000018                _edata = .

.igot.plt       0x0000000024000018        0x0 load address 0x00000000080077d0
 .igot.plt      0x0000000024000018        0x0 C:/ST/STM32CubeIDE_1.13.2/STM32CubeIDE/plugins/com.st.stm32cube.ide.mcu.externaltools.gnu-tools-for-stm32.11.3.rel1.win32_1.1.1.202309131626/tools/bin/../lib/gcc/arm-none-eabi/11.3.1/thumb/v7e-m+dp/hard/crtbegin.o

.RxDecripSection
                0x0000000024000018       0x60 load address 0x00000000080077d0
 .RxDecripSection
                0x0000000024000018       0x60 ./Core/Src/eth.o
                0x0000000024000018                DMARxDscrTab

.TxDecripSection
                0x0000000024000078       0x60 load address 0x0000000008007830
 .TxDecripSection
                0x0000000024000078       0x60 ./Core/Src/eth.o
                0x0000000024000078                DMATxDscrTab
                0x00000000240000d8                . = ALIGN (0x4)

.bss            0x00000000240000d8     0x5334 load address 0x0000000008007890
                0x00000000240000d8                _sbss = .
                0x00000000240000d8                __bss_start__ = _sbss
 *(.bss)
 .bss           0x00000000240000d8       0x1c C:/ST/STM32CubeIDE_1.13.2/STM32CubeIDE/plugins/com.st.stm32cube.ide.mcu.externaltools.gnu-tools-for-stm32.11.3.rel1.win32_1.1.1.202309131626/tools/bin/../lib/gcc/arm-none-eabi/11.3.1/thumb/v7e-m+dp/hard/crtbegin.o
 *(.bss*)
 .bss.MACAddr.0
                0x00000000240000f4        0x6 ./Core/Src/eth.o
 *fill*         0x00000000240000fa        0x2 
 .bss.TxConfig  0x00000000240000fc       0x38 ./Core/Src/eth.o
                0x00000000240000fc                TxConfig
 .bss.heth      0x0000000024000134       0xb0 ./Core/Src/eth.o
                0x0000000024000134                heth
 .bss.AccMeassureHandle
                0x00000000240001e4        0x4 ./Core/Src/freertos.o
                0x00000000240001e4                AccMeassureHandle
 .bss.defaultTaskHandle
                0x00000000240001e8        0x4 ./Core/Src/freertos.o
                0x00000000240001e8                defaultTaskHandle
 .bss.imu_t     0x00000000240001ec       0x24 ./Core/Src/freertos.o
                0x00000000240001ec                imu_t
 .bss.hi2c2     0x0000000024000210       0x54 ./Core/Src/i2c.o
                0x0000000024000210                hi2c2
 .bss.htim17    0x0000000024000264       0x4c ./Core/Src/stm32h7xx_hal_timebase_tim.o
                0x0000000024000264                htim17
 .bss.huart3    0x00000000240002b0       0x94 ./Core/Src/usart.o
                0x00000000240002b0                huart3
 .bss.hpcd_USB_OTG_FS
                0x0000000024000344      0x50c ./Core/Src/usb_otg.o
                0x0000000024000344                hpcd_USB_OTG_FS
 .bss.uwTick    0x0000000024000850        0x4 ./Drivers/STM32H7xx_HAL_Driver/Src/stm32h7xx_hal.o
                0x0000000024000850                uwTick
 .bss.Idle_Stack.2
                0x0000000024000854      0x200 ./Middlewares/Third_Party/FreeRTOS/Source/CMSIS_RTOS_V2/cmsis_os2.o
 .bss.Idle_TCB.3
                0x0000000024000a54       0x5c ./Middlewares/Third_Party/FreeRTOS/Source/CMSIS_RTOS_V2/cmsis_os2.o
 .bss.KernelState
                0x0000000024000ab0        0x4 ./Middlewares/Third_Party/FreeRTOS/Source/CMSIS_RTOS_V2/cmsis_os2.o
 .bss.Timer_Stack.0
                0x0000000024000ab4      0x400 ./Middlewares/Third_Party/FreeRTOS/Source/CMSIS_RTOS_V2/cmsis_os2.o
 .bss.Timer_TCB.1
                0x0000000024000eb4       0x5c ./Middlewares/Third_Party/FreeRTOS/Source/CMSIS_RTOS_V2/cmsis_os2.o
 .bss.xQueueRegistry
                0x0000000024000f10       0x40 ./Middlewares/Third_Party/FreeRTOS/Source/queue.o
                0x0000000024000f10                xQueueRegistry
 .bss.pxCurrentTCB
                0x0000000024000f50        0x4 ./Middlewares/Third_Party/FreeRTOS/Source/tasks.o
                0x0000000024000f50                pxCurrentTCB
 .bss.pxDelayedTaskList
                0x0000000024000f54        0x4 ./Middlewares/Third_Party/FreeRTOS/Source/tasks.o
 .bss.pxOverflowDelayedTaskList
                0x0000000024000f58        0x4 ./Middlewares/Third_Party/FreeRTOS/Source/tasks.o
 .bss.pxReadyTasksLists
                0x0000000024000f5c      0x460 ./Middlewares/Third_Party/FreeRTOS/Source/tasks.o
 .bss.uxCurrentNumberOfTasks
                0x00000000240013bc        0x4 ./Middlewares/Third_Party/FreeRTOS/Source/tasks.o
 .bss.uxDeletedTasksWaitingCleanUp
                0x00000000240013c0        0x4 ./Middlewares/Third_Party/FreeRTOS/Source/tasks.o
 .bss.uxSchedulerSuspended
                0x00000000240013c4        0x4 ./Middlewares/Third_Party/FreeRTOS/Source/tasks.o
 .bss.uxTaskNumber
                0x00000000240013c8        0x4 ./Middlewares/Third_Party/FreeRTOS/Source/tasks.o
 .bss.uxTopReadyPriority
                0x00000000240013cc        0x4 ./Middlewares/Third_Party/FreeRTOS/Source/tasks.o
 .bss.xDelayedTaskList1
                0x00000000240013d0       0x14 ./Middlewares/Third_Party/FreeRTOS/Source/tasks.o
 .bss.xDelayedTaskList2
                0x00000000240013e4       0x14 ./Middlewares/Third_Party/FreeRTOS/Source/tasks.o
 .bss.xNextTaskUnblockTime
                0x00000000240013f8        0x4 ./Middlewares/Third_Party/FreeRTOS/Source/tasks.o
 .bss.xNumOfOverflows
                0x00000000240013fc        0x4 ./Middlewares/Third_Party/FreeRTOS/Source/tasks.o
 .bss.xPendedTicks
                0x0000000024001400        0x4 ./Middlewares/Third_Party/FreeRTOS/Source/tasks.o
 .bss.xPendingReadyList
                0x0000000024001404       0x14 ./Middlewares/Third_Party/FreeRTOS/Source/tasks.o
 .bss.xSchedulerRunning
                0x0000000024001418        0x4 ./Middlewares/Third_Party/FreeRTOS/Source/tasks.o
 .bss.xSuspendedTaskList
                0x000000002400141c       0x14 ./Middlewares/Third_Party/FreeRTOS/Source/tasks.o
 .bss.xTasksWaitingTermination
                0x0000000024001430       0x14 ./Middlewares/Third_Party/FreeRTOS/Source/tasks.o
 .bss.xTickCount
                0x0000000024001444        0x4 ./Middlewares/Third_Party/FreeRTOS/Source/tasks.o
 .bss.xYieldPending
                0x0000000024001448        0x4 ./Middlewares/Third_Party/FreeRTOS/Source/tasks.o
 .bss.pxCurrentTimerList
                0x000000002400144c        0x4 ./Middlewares/Third_Party/FreeRTOS/Source/timers.o
 .bss.pxOverflowTimerList
                0x0000000024001450        0x4 ./Middlewares/Third_Party/FreeRTOS/Source/timers.o
 .bss.ucStaticTimerQueueStorage.1
                0x0000000024001454       0xa0 ./Middlewares/Third_Party/FreeRTOS/Source/timers.o
 .bss.xActiveTimerList1
                0x00000000240014f4       0x14 ./Middlewares/Third_Party/FreeRTOS/Source/timers.o
 .bss.xActiveTimerList2
                0x0000000024001508       0x14 ./Middlewares/Third_Party/FreeRTOS/Source/timers.o
 .bss.xLastTime.2
                0x000000002400151c        0x4 ./Middlewares/Third_Party/FreeRTOS/Source/timers.o
 .bss.xStaticTimerQueue.0
                0x0000000024001520       0x50 ./Middlewares/Third_Party/FreeRTOS/Source/timers.o
 .bss.xTimerQueue
                0x0000000024001570        0x4 ./Middlewares/Third_Party/FreeRTOS/Source/timers.o
 .bss.xTimerTaskHandle
                0x0000000024001574        0x4 ./Middlewares/Third_Party/FreeRTOS/Source/timers.o
 .bss.ucMaxSysCallPriority
                0x0000000024001578        0x1 ./Middlewares/Third_Party/FreeRTOS/Source/portable/GCC/ARM_CM4F/port.o
 *fill*         0x0000000024001579        0x3 
 .bss.ulMaxPRIGROUPValue
                0x000000002400157c        0x4 ./Middlewares/Third_Party/FreeRTOS/Source/portable/GCC/ARM_CM4F/port.o
 .bss.pxEnd     0x0000000024001580        0x4 ./Middlewares/Third_Party/FreeRTOS/Source/portable/MemMang/heap_4.o
 .bss.ucHeap    0x0000000024001584     0x3c00 ./Middlewares/Third_Party/FreeRTOS/Source/portable/MemMang/heap_4.o
 .bss.xBlockAllocatedBit
                0x0000000024005184        0x4 ./Middlewares/Third_Party/FreeRTOS/Source/portable/MemMang/heap_4.o
 .bss.xFreeBytesRemaining
                0x0000000024005188        0x4 ./Middlewares/Third_Party/FreeRTOS/Source/portable/MemMang/heap_4.o
 .bss.xMinimumEverFreeBytesRemaining
                0x000000002400518c        0x4 ./Middlewares/Third_Party/FreeRTOS/Source/portable/MemMang/heap_4.o
 .bss.xNumberOfSuccessfulAllocations
                0x0000000024005190        0x4 ./Middlewares/Third_Party/FreeRTOS/Source/portable/MemMang/heap_4.o
 .bss.xNumberOfSuccessfulFrees
                0x0000000024005194        0x4 ./Middlewares/Third_Party/FreeRTOS/Source/portable/MemMang/heap_4.o
 .bss.xStart    0x0000000024005198        0x8 ./Middlewares/Third_Party/FreeRTOS/Source/portable/MemMang/heap_4.o
 .bss.BMI160_Ascale_bit
                0x00000000240051a0        0x1 ./Peripherals/BMI160/src/bmi160_wrapper.o
                0x00000000240051a0                BMI160_Ascale_bit
 .bss.BMI160_Gscale_bit
                0x00000000240051a1        0x1 ./Peripherals/BMI160/src/bmi160_wrapper.o
                0x00000000240051a1                BMI160_Gscale_bit
 *fill*         0x00000000240051a2        0x2 
 .bss.accel     0x00000000240051a4        0xc ./Peripherals/BMI160/src/bmi160_wrapper.o
                0x00000000240051a4                accel
 .bss.bmi160_aRes
                0x00000000240051b0        0x4 ./Peripherals/BMI160/src/bmi160_wrapper.o
                0x00000000240051b0                bmi160_aRes
 .bss.bmi160_gRes
                0x00000000240051b4        0x4 ./Peripherals/BMI160/src/bmi160_wrapper.o
                0x00000000240051b4                bmi160_gRes
 .bss.foc_conf  0x00000000240051b8        0x6 ./Peripherals/BMI160/src/bmi160_wrapper.o
                0x00000000240051b8                foc_conf
 *fill*         0x00000000240051be        0x2 
 .bss.gyro      0x00000000240051c0        0xc ./Peripherals/BMI160/src/bmi160_wrapper.o
                0x00000000240051c0                gyro
 .bss.int_config
                0x00000000240051cc        0xa ./Peripherals/BMI160/src/bmi160_wrapper.o
                0x00000000240051cc                int_config
 .bss.offsets   0x00000000240051d6        0xa ./Peripherals/BMI160/src/bmi160_wrapper.o
                0x00000000240051d6                offsets
 .bss.sensor    0x00000000240051e0       0x2c ./Peripherals/BMI160/src/bmi160_wrapper.o
                0x00000000240051e0                sensor
 .bss.GTXBuffer
                0x000000002400520c      0x200 ./Peripherals/BMI160/src/common_porting.o
                0x000000002400520c                GTXBuffer
 *(COMMON)
                0x000000002400540c                . = ALIGN (0x4)
                0x000000002400540c                _ebss = .
                0x000000002400540c                __bss_end__ = _ebss

._user_heap_stack
                0x000000002400540c      0x604 load address 0x0000000008007890
                0x0000000024005410                . = ALIGN (0x8)
 *fill*         0x000000002400540c        0x4 
                [!provide]                        PROVIDE (end = .)
                0x0000000024005410                PROVIDE (_end = .)
                0x0000000024005610                . = (. + _Min_Heap_Size)
 *fill*         0x0000000024005410      0x200 
                0x0000000024005a10                . = (. + _Min_Stack_Size)
 *fill*         0x0000000024005610      0x400 
                0x0000000024005a10                . = ALIGN (0x8)

/DISCARD/
 libc.a(*)
 libm.a(*)
 libgcc.a(*)

.ARM.attributes
                0x0000000000000000       0x2e
 *(.ARM.attributes)
 .ARM.attributes
                0x0000000000000000       0x1e C:/ST/STM32CubeIDE_1.13.2/STM32CubeIDE/plugins/com.st.stm32cube.ide.mcu.externaltools.gnu-tools-for-stm32.11.3.rel1.win32_1.1.1.202309131626/tools/bin/../lib/gcc/arm-none-eabi/11.3.1/thumb/v7e-m+dp/hard/crti.o
 .ARM.attributes
                0x000000000000001e       0x32 C:/ST/STM32CubeIDE_1.13.2/STM32CubeIDE/plugins/com.st.stm32cube.ide.mcu.externaltools.gnu-tools-for-stm32.11.3.rel1.win32_1.1.1.202309131626/tools/bin/../lib/gcc/arm-none-eabi/11.3.1/thumb/v7e-m+dp/hard/crtbegin.o
 .ARM.attributes
                0x0000000000000050       0x32 ./Core/Src/eth.o
 .ARM.attributes
                0x0000000000000082       0x32 ./Core/Src/freertos.o
 .ARM.attributes
                0x00000000000000b4       0x32 ./Core/Src/gpio.o
 .ARM.attributes
                0x00000000000000e6       0x32 ./Core/Src/i2c.o
 .ARM.attributes
                0x0000000000000118       0x32 ./Core/Src/main.o
 .ARM.attributes
                0x000000000000014a       0x32 ./Core/Src/stm32h7xx_hal_msp.o
 .ARM.attributes
                0x000000000000017c       0x32 ./Core/Src/stm32h7xx_hal_timebase_tim.o
 .ARM.attributes
                0x00000000000001ae       0x32 ./Core/Src/stm32h7xx_it.o
 .ARM.attributes
                0x00000000000001e0       0x32 ./Core/Src/system_stm32h7xx.o
 .ARM.attributes
                0x0000000000000212       0x32 ./Core/Src/usart.o
 .ARM.attributes
                0x0000000000000244       0x32 ./Core/Src/usb_otg.o
 .ARM.attributes
                0x0000000000000276       0x21 ./Core/Startup/startup_stm32h743zitx.o
 .ARM.attributes
                0x0000000000000297       0x32 ./Drivers/STM32H7xx_HAL_Driver/Src/stm32h7xx_hal.o
 .ARM.attributes
                0x00000000000002c9       0x32 ./Drivers/STM32H7xx_HAL_Driver/Src/stm32h7xx_hal_cortex.o
 .ARM.attributes
                0x00000000000002fb       0x32 ./Drivers/STM32H7xx_HAL_Driver/Src/stm32h7xx_hal_eth.o
 .ARM.attributes
                0x000000000000032d       0x32 ./Drivers/STM32H7xx_HAL_Driver/Src/stm32h7xx_hal_gpio.o
 .ARM.attributes
                0x000000000000035f       0x32 ./Drivers/STM32H7xx_HAL_Driver/Src/stm32h7xx_hal_i2c.o
 .ARM.attributes
                0x0000000000000391       0x32 ./Drivers/STM32H7xx_HAL_Driver/Src/stm32h7xx_hal_i2c_ex.o
 .ARM.attributes
                0x00000000000003c3       0x32 ./Drivers/STM32H7xx_HAL_Driver/Src/stm32h7xx_hal_pcd.o
 .ARM.attributes
                0x00000000000003f5       0x32 ./Drivers/STM32H7xx_HAL_Driver/Src/stm32h7xx_hal_pcd_ex.o
 .ARM.attributes
                0x0000000000000427       0x32 ./Drivers/STM32H7xx_HAL_Driver/Src/stm32h7xx_hal_pwr_ex.o
 .ARM.attributes
                0x0000000000000459       0x32 ./Drivers/STM32H7xx_HAL_Driver/Src/stm32h7xx_hal_rcc.o
 .ARM.attributes
                0x000000000000048b       0x32 ./Drivers/STM32H7xx_HAL_Driver/Src/stm32h7xx_hal_rcc_ex.o
 .ARM.attributes
                0x00000000000004bd       0x32 ./Drivers/STM32H7xx_HAL_Driver/Src/stm32h7xx_hal_tim.o
 .ARM.attributes
                0x00000000000004ef       0x32 ./Drivers/STM32H7xx_HAL_Driver/Src/stm32h7xx_hal_tim_ex.o
 .ARM.attributes
                0x0000000000000521       0x32 ./Drivers/STM32H7xx_HAL_Driver/Src/stm32h7xx_hal_uart.o
 .ARM.attributes
                0x0000000000000553       0x32 ./Drivers/STM32H7xx_HAL_Driver/Src/stm32h7xx_hal_uart_ex.o
 .ARM.attributes
                0x0000000000000585       0x32 ./Drivers/STM32H7xx_HAL_Driver/Src/stm32h7xx_ll_usb.o
 .ARM.attributes
                0x00000000000005b7       0x32 ./Middlewares/Third_Party/FreeRTOS/Source/CMSIS_RTOS_V2/cmsis_os2.o
 .ARM.attributes
                0x00000000000005e9       0x32 ./Middlewares/Third_Party/FreeRTOS/Source/list.o
 .ARM.attributes
                0x000000000000061b       0x32 ./Middlewares/Third_Party/FreeRTOS/Source/queue.o
 .ARM.attributes
                0x000000000000064d       0x32 ./Middlewares/Third_Party/FreeRTOS/Source/tasks.o
 .ARM.attributes
                0x000000000000067f       0x32 ./Middlewares/Third_Party/FreeRTOS/Source/timers.o
 .ARM.attributes
                0x00000000000006b1       0x32 ./Middlewares/Third_Party/FreeRTOS/Source/portable/GCC/ARM_CM4F/port.o
 .ARM.attributes
                0x00000000000006e3       0x32 ./Middlewares/Third_Party/FreeRTOS/Source/portable/MemMang/heap_4.o
 .ARM.attributes
                0x0000000000000715       0x32 ./Peripherals/BMI160/src/bmi160.o
 .ARM.attributes
                0x0000000000000747       0x32 ./Peripherals/BMI160/src/bmi160_wrapper.o
 .ARM.attributes
                0x0000000000000779       0x32 ./Peripherals/BMI160/src/common_porting.o
 .ARM.attributes
                0x00000000000007ab       0x32 C:/ST/STM32CubeIDE_1.13.2/STM32CubeIDE/plugins/com.st.stm32cube.ide.mcu.externaltools.gnu-tools-for-stm32.11.3.rel1.win32_1.1.1.202309131626/tools/bin/../lib/gcc/arm-none-eabi/11.3.1/../../../../arm-none-eabi/lib/thumb/v7e-m+dp/hard\libc_nano.a(libc_a-memset.o)
 .ARM.attributes
                0x00000000000007dd       0x32 C:/ST/STM32CubeIDE_1.13.2/STM32CubeIDE/plugins/com.st.stm32cube.ide.mcu.externaltools.gnu-tools-for-stm32.11.3.rel1.win32_1.1.1.202309131626/tools/bin/../lib/gcc/arm-none-eabi/11.3.1/../../../../arm-none-eabi/lib/thumb/v7e-m+dp/hard\libc_nano.a(libc_a-init.o)
 .ARM.attributes
                0x000000000000080f       0x32 C:/ST/STM32CubeIDE_1.13.2/STM32CubeIDE/plugins/com.st.stm32cube.ide.mcu.externaltools.gnu-tools-for-stm32.11.3.rel1.win32_1.1.1.202309131626/tools/bin/../lib/gcc/arm-none-eabi/11.3.1/../../../../arm-none-eabi/lib/thumb/v7e-m+dp/hard\libc_nano.a(libc_a-memcpy-stub.o)
 .ARM.attributes
                0x0000000000000841       0x1e C:/ST/STM32CubeIDE_1.13.2/STM32CubeIDE/plugins/com.st.stm32cube.ide.mcu.externaltools.gnu-tools-for-stm32.11.3.rel1.win32_1.1.1.202309131626/tools/bin/../lib/gcc/arm-none-eabi/11.3.1/thumb/v7e-m+dp/hard\libgcc.a(_aeabi_uldivmod.o)
 .ARM.attributes
                0x000000000000085f       0x32 C:/ST/STM32CubeIDE_1.13.2/STM32CubeIDE/plugins/com.st.stm32cube.ide.mcu.externaltools.gnu-tools-for-stm32.11.3.rel1.win32_1.1.1.202309131626/tools/bin/../lib/gcc/arm-none-eabi/11.3.1/thumb/v7e-m+dp/hard\libgcc.a(_udivmoddi4.o)
 .ARM.attributes
                0x0000000000000891       0x1e C:/ST/STM32CubeIDE_1.13.2/STM32CubeIDE/plugins/com.st.stm32cube.ide.mcu.externaltools.gnu-tools-for-stm32.11.3.rel1.win32_1.1.1.202309131626/tools/bin/../lib/gcc/arm-none-eabi/11.3.1/thumb/v7e-m+dp/hard\libgcc.a(_dvmd_tls.o)
 .ARM.attributes
                0x00000000000008af       0x1e C:/ST/STM32CubeIDE_1.13.2/STM32CubeIDE/plugins/com.st.stm32cube.ide.mcu.externaltools.gnu-tools-for-stm32.11.3.rel1.win32_1.1.1.202309131626/tools/bin/../lib/gcc/arm-none-eabi/11.3.1/thumb/v7e-m+dp/hard/crtn.o
OUTPUT(KalmanFilter.elf elf32-littlearm)
LOAD linker stubs
LOAD C:/ST/STM32CubeIDE_1.13.2/STM32CubeIDE/plugins/com.st.stm32cube.ide.mcu.externaltools.gnu-tools-for-stm32.11.3.rel1.win32_1.1.1.202309131626/tools/bin/../lib/gcc/arm-none-eabi/11.3.1/../../../../arm-none-eabi/lib/thumb/v7e-m+dp/hard\libc.a
LOAD C:/ST/STM32CubeIDE_1.13.2/STM32CubeIDE/plugins/com.st.stm32cube.ide.mcu.externaltools.gnu-tools-for-stm32.11.3.rel1.win32_1.1.1.202309131626/tools/bin/../lib/gcc/arm-none-eabi/11.3.1/../../../../arm-none-eabi/lib/thumb/v7e-m+dp/hard\libm.a
LOAD C:/ST/STM32CubeIDE_1.13.2/STM32CubeIDE/plugins/com.st.stm32cube.ide.mcu.externaltools.gnu-tools-for-stm32.11.3.rel1.win32_1.1.1.202309131626/tools/bin/../lib/gcc/arm-none-eabi/11.3.1/thumb/v7e-m+dp/hard\libgcc.a

.comment        0x0000000000000000       0x43
 .comment       0x0000000000000000       0x43 C:/ST/STM32CubeIDE_1.13.2/STM32CubeIDE/plugins/com.st.stm32cube.ide.mcu.externaltools.gnu-tools-for-stm32.11.3.rel1.win32_1.1.1.202309131626/tools/bin/../lib/gcc/arm-none-eabi/11.3.1/thumb/v7e-m+dp/hard/crtbegin.o
                                         0x44 (size before relaxing)
 .comment       0x0000000000000043       0x44 ./Core/Src/eth.o
 .comment       0x0000000000000043       0x44 ./Core/Src/freertos.o
 .comment       0x0000000000000043       0x44 ./Core/Src/gpio.o
 .comment       0x0000000000000043       0x44 ./Core/Src/i2c.o
 .comment       0x0000000000000043       0x44 ./Core/Src/main.o
 .comment       0x0000000000000043       0x44 ./Core/Src/stm32h7xx_hal_msp.o
 .comment       0x0000000000000043       0x44 ./Core/Src/stm32h7xx_hal_timebase_tim.o
 .comment       0x0000000000000043       0x44 ./Core/Src/stm32h7xx_it.o
 .comment       0x0000000000000043       0x44 ./Core/Src/system_stm32h7xx.o
 .comment       0x0000000000000043       0x44 ./Core/Src/usart.o
 .comment       0x0000000000000043       0x44 ./Core/Src/usb_otg.o
 .comment       0x0000000000000043       0x44 ./Drivers/STM32H7xx_HAL_Driver/Src/stm32h7xx_hal.o
 .comment       0x0000000000000043       0x44 ./Drivers/STM32H7xx_HAL_Driver/Src/stm32h7xx_hal_cortex.o
 .comment       0x0000000000000043       0x44 ./Drivers/STM32H7xx_HAL_Driver/Src/stm32h7xx_hal_eth.o
 .comment       0x0000000000000043       0x44 ./Drivers/STM32H7xx_HAL_Driver/Src/stm32h7xx_hal_gpio.o
 .comment       0x0000000000000043       0x44 ./Drivers/STM32H7xx_HAL_Driver/Src/stm32h7xx_hal_i2c.o
 .comment       0x0000000000000043       0x44 ./Drivers/STM32H7xx_HAL_Driver/Src/stm32h7xx_hal_i2c_ex.o
 .comment       0x0000000000000043       0x44 ./Drivers/STM32H7xx_HAL_Driver/Src/stm32h7xx_hal_pcd.o
 .comment       0x0000000000000043       0x44 ./Drivers/STM32H7xx_HAL_Driver/Src/stm32h7xx_hal_pcd_ex.o
 .comment       0x0000000000000043       0x44 ./Drivers/STM32H7xx_HAL_Driver/Src/stm32h7xx_hal_pwr_ex.o
 .comment       0x0000000000000043       0x44 ./Drivers/STM32H7xx_HAL_Driver/Src/stm32h7xx_hal_rcc.o
 .comment       0x0000000000000043       0x44 ./Drivers/STM32H7xx_HAL_Driver/Src/stm32h7xx_hal_rcc_ex.o
 .comment       0x0000000000000043       0x44 ./Drivers/STM32H7xx_HAL_Driver/Src/stm32h7xx_hal_tim.o
 .comment       0x0000000000000043       0x44 ./Drivers/STM32H7xx_HAL_Driver/Src/stm32h7xx_hal_tim_ex.o
 .comment       0x0000000000000043       0x44 ./Drivers/STM32H7xx_HAL_Driver/Src/stm32h7xx_hal_uart.o
 .comment       0x0000000000000043       0x44 ./Drivers/STM32H7xx_HAL_Driver/Src/stm32h7xx_hal_uart_ex.o
 .comment       0x0000000000000043       0x44 ./Drivers/STM32H7xx_HAL_Driver/Src/stm32h7xx_ll_usb.o
 .comment       0x0000000000000043       0x44 ./Middlewares/Third_Party/FreeRTOS/Source/CMSIS_RTOS_V2/cmsis_os2.o
 .comment       0x0000000000000043       0x44 ./Middlewares/Third_Party/FreeRTOS/Source/list.o
 .comment       0x0000000000000043       0x44 ./Middlewares/Third_Party/FreeRTOS/Source/queue.o
 .comment       0x0000000000000043       0x44 ./Middlewares/Third_Party/FreeRTOS/Source/tasks.o
 .comment       0x0000000000000043       0x44 ./Middlewares/Third_Party/FreeRTOS/Source/timers.o
 .comment       0x0000000000000043       0x44 ./Middlewares/Third_Party/FreeRTOS/Source/portable/GCC/ARM_CM4F/port.o
 .comment       0x0000000000000043       0x44 ./Middlewares/Third_Party/FreeRTOS/Source/portable/MemMang/heap_4.o
 .comment       0x0000000000000043       0x44 ./Peripherals/BMI160/src/bmi160.o
 .comment       0x0000000000000043       0x44 ./Peripherals/BMI160/src/bmi160_wrapper.o
 .comment       0x0000000000000043       0x44 ./Peripherals/BMI160/src/common_porting.o

.debug_frame    0x0000000000000000       0xd4
 .debug_frame   0x0000000000000000       0x20 C:/ST/STM32CubeIDE_1.13.2/STM32CubeIDE/plugins/com.st.stm32cube.ide.mcu.externaltools.gnu-tools-for-stm32.11.3.rel1.win32_1.1.1.202309131626/tools/bin/../lib/gcc/arm-none-eabi/11.3.1/../../../../arm-none-eabi/lib/thumb/v7e-m+dp/hard\libc_nano.a(libc_a-memset.o)
 .debug_frame   0x0000000000000020       0x2c C:/ST/STM32CubeIDE_1.13.2/STM32CubeIDE/plugins/com.st.stm32cube.ide.mcu.externaltools.gnu-tools-for-stm32.11.3.rel1.win32_1.1.1.202309131626/tools/bin/../lib/gcc/arm-none-eabi/11.3.1/../../../../arm-none-eabi/lib/thumb/v7e-m+dp/hard\libc_nano.a(libc_a-init.o)
 .debug_frame   0x000000000000004c       0x28 C:/ST/STM32CubeIDE_1.13.2/STM32CubeIDE/plugins/com.st.stm32cube.ide.mcu.externaltools.gnu-tools-for-stm32.11.3.rel1.win32_1.1.1.202309131626/tools/bin/../lib/gcc/arm-none-eabi/11.3.1/../../../../arm-none-eabi/lib/thumb/v7e-m+dp/hard\libc_nano.a(libc_a-memcpy-stub.o)
 .debug_frame   0x0000000000000074       0x2c C:/ST/STM32CubeIDE_1.13.2/STM32CubeIDE/plugins/com.st.stm32cube.ide.mcu.externaltools.gnu-tools-for-stm32.11.3.rel1.win32_1.1.1.202309131626/tools/bin/../lib/gcc/arm-none-eabi/11.3.1/thumb/v7e-m+dp/hard\libgcc.a(_aeabi_uldivmod.o)
 .debug_frame   0x00000000000000a0       0x34 C:/ST/STM32CubeIDE_1.13.2/STM32CubeIDE/plugins/com.st.stm32cube.ide.mcu.externaltools.gnu-tools-for-stm32.11.3.rel1.win32_1.1.1.202309131626/tools/bin/../lib/gcc/arm-none-eabi/11.3.1/thumb/v7e-m+dp/hard\libgcc.a(_udivmoddi4.o)
