../Lib/Util/Algorithms/MadgwickOriginal.c:17:7:GetW	0	static
../Lib/Util/Algorithms/MadgwickOriginal.c:18:7:GetX	0	static
../Lib/Util/Algorithms/MadgwickOriginal.c:19:7:GetY	0	static
../Lib/Util/Algorithms/MadgwickOriginal.c:20:7:GetZ	0	static
../Lib/Util/Algorithms/MadgwickOriginal.c:23:6:filterUpdate	128	static
../Lib/Util/Algorithms/MadgwickOriginal.c:126:7:getRoll	8	static
../Lib/Util/Algorithms/MadgwickOriginal.c:132:7:getPitch	8	static
../Lib/Util/Algorithms/MadgwickOriginal.c:138:7:getYaw	8	static
